Archive member included to satisfy reference by file (symbol)

c:/st/stm32cubeide_1.7.0/stm32cubeide/plugins/com.st.stm32cube.ide.mcu.externaltools.gnu-tools-for-stm32.9-2020-q2-update.win32_2.0.0.202105311346/tools/bin/../lib/gcc/arm-none-eabi/9.3.1/../../../../arm-none-eabi/lib/thumb/v7e-m+fp/hard\libc_nano.a(lib_a-errno.o)
                              ./Core/Src/syscalls.o (__errno)
c:/st/stm32cubeide_1.7.0/stm32cubeide/plugins/com.st.stm32cube.ide.mcu.externaltools.gnu-tools-for-stm32.9-2020-q2-update.win32_2.0.0.202105311346/tools/bin/../lib/gcc/arm-none-eabi/9.3.1/../../../../arm-none-eabi/lib/thumb/v7e-m+fp/hard\libc_nano.a(lib_a-exit.o)
                              c:/st/stm32cubeide_1.7.0/stm32cubeide/plugins/com.st.stm32cube.ide.mcu.externaltools.gnu-tools-for-stm32.9-2020-q2-update.win32_2.0.0.202105311346/tools/bin/../lib/gcc/arm-none-eabi/9.3.1/../../../../arm-none-eabi/lib/thumb/v7e-m+fp/hard/crt0.o (exit)
c:/st/stm32cubeide_1.7.0/stm32cubeide/plugins/com.st.stm32cube.ide.mcu.externaltools.gnu-tools-for-stm32.9-2020-q2-update.win32_2.0.0.202105311346/tools/bin/../lib/gcc/arm-none-eabi/9.3.1/../../../../arm-none-eabi/lib/thumb/v7e-m+fp/hard\libc_nano.a(lib_a-impure.o)
                              c:/st/stm32cubeide_1.7.0/stm32cubeide/plugins/com.st.stm32cube.ide.mcu.externaltools.gnu-tools-for-stm32.9-2020-q2-update.win32_2.0.0.202105311346/tools/bin/../lib/gcc/arm-none-eabi/9.3.1/../../../../arm-none-eabi/lib/thumb/v7e-m+fp/hard\libc_nano.a(lib_a-exit.o) (_global_impure_ptr)
c:/st/stm32cubeide_1.7.0/stm32cubeide/plugins/com.st.stm32cube.ide.mcu.externaltools.gnu-tools-for-stm32.9-2020-q2-update.win32_2.0.0.202105311346/tools/bin/../lib/gcc/arm-none-eabi/9.3.1/../../../../arm-none-eabi/lib/thumb/v7e-m+fp/hard\libc_nano.a(lib_a-init.o)
                              c:/st/stm32cubeide_1.7.0/stm32cubeide/plugins/com.st.stm32cube.ide.mcu.externaltools.gnu-tools-for-stm32.9-2020-q2-update.win32_2.0.0.202105311346/tools/bin/../lib/gcc/arm-none-eabi/9.3.1/../../../../arm-none-eabi/lib/thumb/v7e-m+fp/hard/crt0.o (__libc_init_array)
c:/st/stm32cubeide_1.7.0/stm32cubeide/plugins/com.st.stm32cube.ide.mcu.externaltools.gnu-tools-for-stm32.9-2020-q2-update.win32_2.0.0.202105311346/tools/bin/../lib/gcc/arm-none-eabi/9.3.1/../../../../arm-none-eabi/lib/thumb/v7e-m+fp/hard\libc_nano.a(lib_a-memset.o)
                              c:/st/stm32cubeide_1.7.0/stm32cubeide/plugins/com.st.stm32cube.ide.mcu.externaltools.gnu-tools-for-stm32.9-2020-q2-update.win32_2.0.0.202105311346/tools/bin/../lib/gcc/arm-none-eabi/9.3.1/../../../../arm-none-eabi/lib/thumb/v7e-m+fp/hard/crt0.o (memset)
c:/st/stm32cubeide_1.7.0/stm32cubeide/plugins/com.st.stm32cube.ide.mcu.externaltools.gnu-tools-for-stm32.9-2020-q2-update.win32_2.0.0.202105311346/tools/bin/../lib/gcc/arm-none-eabi/9.3.1/thumb/v7e-m+fp/hard\libgcc.a(_aeabi_uldivmod.o)
                              ./Drivers/STM32F4xx_HAL_Driver/Src/stm32f4xx_hal_rcc.o (__aeabi_uldivmod)
c:/st/stm32cubeide_1.7.0/stm32cubeide/plugins/com.st.stm32cube.ide.mcu.externaltools.gnu-tools-for-stm32.9-2020-q2-update.win32_2.0.0.202105311346/tools/bin/../lib/gcc/arm-none-eabi/9.3.1/thumb/v7e-m+fp/hard\libgcc.a(_udivmoddi4.o)
                              c:/st/stm32cubeide_1.7.0/stm32cubeide/plugins/com.st.stm32cube.ide.mcu.externaltools.gnu-tools-for-stm32.9-2020-q2-update.win32_2.0.0.202105311346/tools/bin/../lib/gcc/arm-none-eabi/9.3.1/thumb/v7e-m+fp/hard\libgcc.a(_aeabi_uldivmod.o) (__udivmoddi4)
c:/st/stm32cubeide_1.7.0/stm32cubeide/plugins/com.st.stm32cube.ide.mcu.externaltools.gnu-tools-for-stm32.9-2020-q2-update.win32_2.0.0.202105311346/tools/bin/../lib/gcc/arm-none-eabi/9.3.1/thumb/v7e-m+fp/hard\libgcc.a(_dvmd_tls.o)
                              c:/st/stm32cubeide_1.7.0/stm32cubeide/plugins/com.st.stm32cube.ide.mcu.externaltools.gnu-tools-for-stm32.9-2020-q2-update.win32_2.0.0.202105311346/tools/bin/../lib/gcc/arm-none-eabi/9.3.1/thumb/v7e-m+fp/hard\libgcc.a(_aeabi_uldivmod.o) (__aeabi_ldiv0)

Allocating common symbols
Common symbol       size              file

hUsbDeviceFS        0x2d0             ./USB_DEVICE/App/usb_device.o
hspi2               0x58              ./Core/Src/main.o
huart3              0x44              ./Core/Src/main.o
hi2c1               0x54              ./Core/Src/main.o
hpcd_USB_OTG_FS     0x408             ./USB_DEVICE/Target/usbd_conf.o
uwTick              0x4               ./Drivers/STM32F4xx_HAL_Driver/Src/stm32f4xx_hal.o
pFlash              0x20              ./Drivers/STM32F4xx_HAL_Driver/Src/stm32f4xx_hal_flash.o
hspi3               0x58              ./Core/Src/main.o
hadc1               0x48              ./Core/Src/main.o
hcan1               0x28              ./Core/Src/main.o
USBD_StrDesc        0x200             ./USB_DEVICE/App/usbd_desc.o

Discarded input sections

[...]
Memory Configuration

Name             Origin             Length             Attributes
RAM              0x0000000020000000 0x0000000000050000 xrw
FLASH            0x0000000008000000 0x0000000000180000 xr
*default*        0x0000000000000000 0xffffffffffffffff

Linker script and memory map

LOAD c:/st/stm32cubeide_1.7.0/stm32cubeide/plugins/com.st.stm32cube.ide.mcu.externaltools.gnu-tools-for-stm32.9-2020-q2-update.win32_2.0.0.202105311346/tools/bin/../lib/gcc/arm-none-eabi/9.3.1/thumb/v7e-m+fp/hard/crti.o
LOAD c:/st/stm32cubeide_1.7.0/stm32cubeide/plugins/com.st.stm32cube.ide.mcu.externaltools.gnu-tools-for-stm32.9-2020-q2-update.win32_2.0.0.202105311346/tools/bin/../lib/gcc/arm-none-eabi/9.3.1/thumb/v7e-m+fp/hard/crtbegin.o
LOAD c:/st/stm32cubeide_1.7.0/stm32cubeide/plugins/com.st.stm32cube.ide.mcu.externaltools.gnu-tools-for-stm32.9-2020-q2-update.win32_2.0.0.202105311346/tools/bin/../lib/gcc/arm-none-eabi/9.3.1/../../../../arm-none-eabi/lib/thumb/v7e-m+fp/hard/crt0.o
LOAD ./Core/Src/main.o
LOAD ./Core/Src/stm32f4xx_hal_msp.o
LOAD ./Core/Src/stm32f4xx_it.o
LOAD ./Core/Src/syscalls.o
LOAD ./Core/Src/sysmem.o
LOAD ./Core/Src/system_stm32f4xx.o
LOAD ./Core/Startup/startup_stm32f413zhtx.o
LOAD ./Drivers/STM32F4xx_HAL_Driver/Src/stm32f4xx_hal.o
LOAD ./Drivers/STM32F4xx_HAL_Driver/Src/stm32f4xx_hal_adc.o
LOAD ./Drivers/STM32F4xx_HAL_Driver/Src/stm32f4xx_hal_adc_ex.o
LOAD ./Drivers/STM32F4xx_HAL_Driver/Src/stm32f4xx_hal_can.o
LOAD ./Drivers/STM32F4xx_HAL_Driver/Src/stm32f4xx_hal_cortex.o
LOAD ./Drivers/STM32F4xx_HAL_Driver/Src/stm32f4xx_hal_dma.o
LOAD ./Drivers/STM32F4xx_HAL_Driver/Src/stm32f4xx_hal_dma_ex.o
LOAD ./Drivers/STM32F4xx_HAL_Driver/Src/stm32f4xx_hal_exti.o
LOAD ./Drivers/STM32F4xx_HAL_Driver/Src/stm32f4xx_hal_flash.o
LOAD ./Drivers/STM32F4xx_HAL_Driver/Src/stm32f4xx_hal_flash_ex.o
LOAD ./Drivers/STM32F4xx_HAL_Driver/Src/stm32f4xx_hal_flash_ramfunc.o
LOAD ./Drivers/STM32F4xx_HAL_Driver/Src/stm32f4xx_hal_gpio.o
LOAD ./Drivers/STM32F4xx_HAL_Driver/Src/stm32f4xx_hal_i2c.o
LOAD ./Drivers/STM32F4xx_HAL_Driver/Src/stm32f4xx_hal_i2c_ex.o
LOAD ./Drivers/STM32F4xx_HAL_Driver/Src/stm32f4xx_hal_pcd.o
LOAD ./Drivers/STM32F4xx_HAL_Driver/Src/stm32f4xx_hal_pcd_ex.o
LOAD ./Drivers/STM32F4xx_HAL_Driver/Src/stm32f4xx_hal_pwr.o
LOAD ./Drivers/STM32F4xx_HAL_Driver/Src/stm32f4xx_hal_pwr_ex.o
LOAD ./Drivers/STM32F4xx_HAL_Driver/Src/stm32f4xx_hal_rcc.o
LOAD ./Drivers/STM32F4xx_HAL_Driver/Src/stm32f4xx_hal_rcc_ex.o
LOAD ./Drivers/STM32F4xx_HAL_Driver/Src/stm32f4xx_hal_spi.o
LOAD ./Drivers/STM32F4xx_HAL_Driver/Src/stm32f4xx_hal_tim.o
LOAD ./Drivers/STM32F4xx_HAL_Driver/Src/stm32f4xx_hal_tim_ex.o
LOAD ./Drivers/STM32F4xx_HAL_Driver/Src/stm32f4xx_hal_uart.o
LOAD ./Drivers/STM32F4xx_HAL_Driver/Src/stm32f4xx_ll_adc.o
LOAD ./Drivers/STM32F4xx_HAL_Driver/Src/stm32f4xx_ll_usb.o
LOAD ./Middlewares/ST/STM32_USB_Device_Library/Class/DFU/Src/usbd_dfu.o
LOAD ./Middlewares/ST/STM32_USB_Device_Library/Core/Src/usbd_core.o
LOAD ./Middlewares/ST/STM32_USB_Device_Library/Core/Src/usbd_ctlreq.o
LOAD ./Middlewares/ST/STM32_USB_Device_Library/Core/Src/usbd_ioreq.o
LOAD ./USB_DEVICE/App/usb_device.o
LOAD ./USB_DEVICE/App/usbd_desc.o
LOAD ./USB_DEVICE/App/usbd_dfu_if.o
LOAD ./USB_DEVICE/Target/usbd_conf.o
START GROUP
LOAD c:/st/stm32cubeide_1.7.0/stm32cubeide/plugins/com.st.stm32cube.ide.mcu.externaltools.gnu-tools-for-stm32.9-2020-q2-update.win32_2.0.0.202105311346/tools/bin/../lib/gcc/arm-none-eabi/9.3.1/../../../../arm-none-eabi/lib/thumb/v7e-m+fp/hard\libc_nano.a
LOAD c:/st/stm32cubeide_1.7.0/stm32cubeide/plugins/com.st.stm32cube.ide.mcu.externaltools.gnu-tools-for-stm32.9-2020-q2-update.win32_2.0.0.202105311346/tools/bin/../lib/gcc/arm-none-eabi/9.3.1/../../../../arm-none-eabi/lib/thumb/v7e-m+fp/hard\libm.a
END GROUP
START GROUP
LOAD c:/st/stm32cubeide_1.7.0/stm32cubeide/plugins/com.st.stm32cube.ide.mcu.externaltools.gnu-tools-for-stm32.9-2020-q2-update.win32_2.0.0.202105311346/tools/bin/../lib/gcc/arm-none-eabi/9.3.1/thumb/v7e-m+fp/hard\libgcc.a
LOAD c:/st/stm32cubeide_1.7.0/stm32cubeide/plugins/com.st.stm32cube.ide.mcu.externaltools.gnu-tools-for-stm32.9-2020-q2-update.win32_2.0.0.202105311346/tools/bin/../lib/gcc/arm-none-eabi/9.3.1/../../../../arm-none-eabi/lib/thumb/v7e-m+fp/hard\libc_nano.a
END GROUP
START GROUP
LOAD c:/st/stm32cubeide_1.7.0/stm32cubeide/plugins/com.st.stm32cube.ide.mcu.externaltools.gnu-tools-for-stm32.9-2020-q2-update.win32_2.0.0.202105311346/tools/bin/../lib/gcc/arm-none-eabi/9.3.1/thumb/v7e-m+fp/hard\libgcc.a
LOAD c:/st/stm32cubeide_1.7.0/stm32cubeide/plugins/com.st.stm32cube.ide.mcu.externaltools.gnu-tools-for-stm32.9-2020-q2-update.win32_2.0.0.202105311346/tools/bin/../lib/gcc/arm-none-eabi/9.3.1/../../../../arm-none-eabi/lib/thumb/v7e-m+fp/hard\libc_nano.a
LOAD c:/st/stm32cubeide_1.7.0/stm32cubeide/plugins/com.st.stm32cube.ide.mcu.externaltools.gnu-tools-for-stm32.9-2020-q2-update.win32_2.0.0.202105311346/tools/bin/../lib/gcc/arm-none-eabi/9.3.1/../../../../arm-none-eabi/lib/thumb/v7e-m+fp/hard\libnosys.a
END GROUP
START GROUP
LOAD c:/st/stm32cubeide_1.7.0/stm32cubeide/plugins/com.st.stm32cube.ide.mcu.externaltools.gnu-tools-for-stm32.9-2020-q2-update.win32_2.0.0.202105311346/tools/bin/../lib/gcc/arm-none-eabi/9.3.1/thumb/v7e-m+fp/hard\libgcc.a
LOAD c:/st/stm32cubeide_1.7.0/stm32cubeide/plugins/com.st.stm32cube.ide.mcu.externaltools.gnu-tools-for-stm32.9-2020-q2-update.win32_2.0.0.202105311346/tools/bin/../lib/gcc/arm-none-eabi/9.3.1/../../../../arm-none-eabi/lib/thumb/v7e-m+fp/hard\libc_nano.a
LOAD c:/st/stm32cubeide_1.7.0/stm32cubeide/plugins/com.st.stm32cube.ide.mcu.externaltools.gnu-tools-for-stm32.9-2020-q2-update.win32_2.0.0.202105311346/tools/bin/../lib/gcc/arm-none-eabi/9.3.1/../../../../arm-none-eabi/lib/thumb/v7e-m+fp/hard\libnosys.a
END GROUP
LOAD c:/st/stm32cubeide_1.7.0/stm32cubeide/plugins/com.st.stm32cube.ide.mcu.externaltools.gnu-tools-for-stm32.9-2020-q2-update.win32_2.0.0.202105311346/tools/bin/../lib/gcc/arm-none-eabi/9.3.1/thumb/v7e-m+fp/hard/crtend.o
LOAD c:/st/stm32cubeide_1.7.0/stm32cubeide/plugins/com.st.stm32cube.ide.mcu.externaltools.gnu-tools-for-stm32.9-2020-q2-update.win32_2.0.0.202105311346/tools/bin/../lib/gcc/arm-none-eabi/9.3.1/thumb/v7e-m+fp/hard/crtn.o
                0x0000000020050000                _estack = (ORIGIN (RAM) + LENGTH (RAM))
                0x0000000000000200                _Min_Heap_Size = 0x200
                0x0000000000000400                _Min_Stack_Size = 0x400

.isr_vector     0x0000000008000000      0x1d8
                0x0000000008000000                . = ALIGN (0x4)
 *(.isr_vector)
 .isr_vector    0x0000000008000000      0x1d8 ./Core/Startup/startup_stm32f413zhtx.o
                0x0000000008000000                g_pfnVectors
                0x00000000080001d8                . = ALIGN (0x4)

.text           0x00000000080001d8     0x82d4
                0x00000000080001d8                . = ALIGN (0x4)
 *(.text)
 .text          0x00000000080001d8       0x40 c:/st/stm32cubeide_1.7.0/stm32cubeide/plugins/com.st.stm32cube.ide.mcu.externaltools.gnu-tools-for-stm32.9-2020-q2-update.win32_2.0.0.202105311346/tools/bin/../lib/gcc/arm-none-eabi/9.3.1/thumb/v7e-m+fp/hard/crtbegin.o
 .text          0x0000000008000218       0x30 c:/st/stm32cubeide_1.7.0/stm32cubeide/plugins/com.st.stm32cube.ide.mcu.externaltools.gnu-tools-for-stm32.9-2020-q2-update.win32_2.0.0.202105311346/tools/bin/../lib/gcc/arm-none-eabi/9.3.1/thumb/v7e-m+fp/hard\libgcc.a(_aeabi_uldivmod.o)
                0x0000000008000218                __aeabi_uldivmod
 .text          0x0000000008000248      0x2c4 c:/st/stm32cubeide_1.7.0/stm32cubeide/plugins/com.st.stm32cube.ide.mcu.externaltools.gnu-tools-for-stm32.9-2020-q2-update.win32_2.0.0.202105311346/tools/bin/../lib/gcc/arm-none-eabi/9.3.1/thumb/v7e-m+fp/hard\libgcc.a(_udivmoddi4.o)
                0x0000000008000248                __udivmoddi4
 .text          0x000000000800050c        0x4 c:/st/stm32cubeide_1.7.0/stm32cubeide/plugins/com.st.stm32cube.ide.mcu.externaltools.gnu-tools-for-stm32.9-2020-q2-update.win32_2.0.0.202105311346/tools/bin/../lib/gcc/arm-none-eabi/9.3.1/thumb/v7e-m+fp/hard\libgcc.a(_dvmd_tls.o)
                0x000000000800050c                __aeabi_idiv0
                0x000000000800050c                __aeabi_ldiv0
 *(.text*)
 .text.main     0x0000000008000510       0x4c ./Core/Src/main.o
                0x0000000008000510                main
 .text.SystemClock_Config
                0x000000000800055c       0xd8 ./Core/Src/main.o
                0x000000000800055c                SystemClock_Config
 .text.MX_ADC1_Init
                0x0000000008000634       0xa4 ./Core/Src/main.o
 .text.MX_CAN1_Init
                0x00000000080006d8       0x68 ./Core/Src/main.o
 .text.MX_I2C1_Init
                0x0000000008000740       0x5c ./Core/Src/main.o
 .text.MX_SPI2_Init
                0x000000000800079c       0x6c ./Core/Src/main.o
 .text.MX_SPI3_Init
                0x0000000008000808       0x6c ./Core/Src/main.o
 .text.MX_USART3_UART_Init
                0x0000000008000874       0x54 ./Core/Src/main.o
 .text.MX_GPIO_Init
                0x00000000080008c8      0x15c ./Core/Src/main.o
 .text.Error_Handler
                0x0000000008000a24        0xa ./Core/Src/main.o
                0x0000000008000a24                Error_Handler
 *fill*         0x0000000008000a2e        0x2 
 .text.HAL_MspInit
                0x0000000008000a30       0x50 ./Core/Src/stm32f4xx_hal_msp.o
                0x0000000008000a30                HAL_MspInit
 .text.HAL_ADC_MspInit
                0x0000000008000a80       0x88 ./Core/Src/stm32f4xx_hal_msp.o
                0x0000000008000a80                HAL_ADC_MspInit
 .text.HAL_CAN_MspInit
                0x0000000008000b08       0x90 ./Core/Src/stm32f4xx_hal_msp.o
                0x0000000008000b08                HAL_CAN_MspInit
 .text.HAL_I2C_MspInit
                0x0000000008000b98       0x90 ./Core/Src/stm32f4xx_hal_msp.o
                0x0000000008000b98                HAL_I2C_MspInit
 .text.HAL_SPI_MspInit
                0x0000000008000c28      0x178 ./Core/Src/stm32f4xx_hal_msp.o
                0x0000000008000c28                HAL_SPI_MspInit
 .text.HAL_UART_MspInit
                0x0000000008000da0       0x90 ./Core/Src/stm32f4xx_hal_msp.o
                0x0000000008000da0                HAL_UART_MspInit
 .text.NMI_Handler
                0x0000000008000e30        0x6 ./Core/Src/stm32f4xx_it.o
                0x0000000008000e30                NMI_Handler
 .text.HardFault_Handler
                0x0000000008000e36        0x6 ./Core/Src/stm32f4xx_it.o
                0x0000000008000e36                HardFault_Handler
 .text.MemManage_Handler
                0x0000000008000e3c        0x6 ./Core/Src/stm32f4xx_it.o
                0x0000000008000e3c                MemManage_Handler
 .text.BusFault_Handler
                0x0000000008000e42        0x6 ./Core/Src/stm32f4xx_it.o
                0x0000000008000e42                BusFault_Handler
 .text.UsageFault_Handler
                0x0000000008000e48        0x6 ./Core/Src/stm32f4xx_it.o
                0x0000000008000e48                UsageFault_Handler
 .text.SVC_Handler
                0x0000000008000e4e        0xe ./Core/Src/stm32f4xx_it.o
                0x0000000008000e4e                SVC_Handler
 .text.DebugMon_Handler
                0x0000000008000e5c        0xe ./Core/Src/stm32f4xx_it.o
                0x0000000008000e5c                DebugMon_Handler
 .text.PendSV_Handler
                0x0000000008000e6a        0xe ./Core/Src/stm32f4xx_it.o
                0x0000000008000e6a                PendSV_Handler
 .text.SysTick_Handler
                0x0000000008000e78        0xc ./Core/Src/stm32f4xx_it.o
                0x0000000008000e78                SysTick_Handler
 .text.OTG_FS_IRQHandler
                0x0000000008000e84       0x14 ./Core/Src/stm32f4xx_it.o
                0x0000000008000e84                OTG_FS_IRQHandler
 .text.SystemInit
                0x0000000008000e98       0x24 ./Core/Src/system_stm32f4xx.o
                0x0000000008000e98                SystemInit
 .text.Reset_Handler
                0x0000000008000ebc       0x50 ./Core/Startup/startup_stm32f413zhtx.o
                0x0000000008000ebc                Reset_Handler
 .text.Default_Handler
                0x0000000008000f0c        0x2 ./Core/Startup/startup_stm32f413zhtx.o
                0x0000000008000f0c                RTC_Alarm_IRQHandler
                0x0000000008000f0c                EXTI2_IRQHandler
                0x0000000008000f0c                TIM8_CC_IRQHandler
                0x0000000008000f0c                UART8_IRQHandler
                0x0000000008000f0c                FMPI2C1_EV_IRQHandler
                0x0000000008000f0c                SPI4_IRQHandler
                0x0000000008000f0c                TIM1_CC_IRQHandler
                0x0000000008000f0c                DMA2_Stream5_IRQHandler
                0x0000000008000f0c                DMA1_Stream5_IRQHandler
                0x0000000008000f0c                CAN3_RX1_IRQHandler
                0x0000000008000f0c                PVD_IRQHandler
                0x0000000008000f0c                SDIO_IRQHandler
                0x0000000008000f0c                TAMP_STAMP_IRQHandler
                0x0000000008000f0c                CAN2_RX1_IRQHandler
                0x0000000008000f0c                EXTI3_IRQHandler
                0x0000000008000f0c                TIM8_TRG_COM_TIM14_IRQHandler
                0x0000000008000f0c                DFSDM1_FLT1_IRQHandler
                0x0000000008000f0c                TIM1_UP_TIM10_IRQHandler
                0x0000000008000f0c                TIM8_UP_TIM13_IRQHandler
                0x0000000008000f0c                I2C3_ER_IRQHandler
                0x0000000008000f0c                EXTI0_IRQHandler
                0x0000000008000f0c                I2C2_EV_IRQHandler
                0x0000000008000f0c                DMA1_Stream2_IRQHandler
                0x0000000008000f0c                CAN1_RX0_IRQHandler
                0x0000000008000f0c                FPU_IRQHandler
                0x0000000008000f0c                CAN3_SCE_IRQHandler
                0x0000000008000f0c                CAN2_SCE_IRQHandler
                0x0000000008000f0c                DMA2_Stream2_IRQHandler
                0x0000000008000f0c                SPI1_IRQHandler
                0x0000000008000f0c                TIM6_DAC_IRQHandler
                0x0000000008000f0c                TIM1_BRK_TIM9_IRQHandler
                0x0000000008000f0c                CAN2_RX0_IRQHandler
                0x0000000008000f0c                DMA2_Stream3_IRQHandler
                0x0000000008000f0c                USART6_IRQHandler
                0x0000000008000f0c                CAN3_RX0_IRQHandler
                0x0000000008000f0c                USART3_IRQHandler
                0x0000000008000f0c                DFSDM2_FLT3_IRQHandler
                0x0000000008000f0c                CAN1_RX1_IRQHandler
                0x0000000008000f0c                UART5_IRQHandler
                0x0000000008000f0c                DMA2_Stream0_IRQHandler
                0x0000000008000f0c                TIM4_IRQHandler
                0x0000000008000f0c                QUADSPI_IRQHandler
                0x0000000008000f0c                I2C1_EV_IRQHandler
                0x0000000008000f0c                DMA1_Stream6_IRQHandler
                0x0000000008000f0c                DMA1_Stream1_IRQHandler
                0x0000000008000f0c                UART4_IRQHandler
                0x0000000008000f0c                TIM3_IRQHandler
                0x0000000008000f0c                RCC_IRQHandler
                0x0000000008000f0c                UART9_IRQHandler
                0x0000000008000f0c                TIM8_BRK_TIM12_IRQHandler
                0x0000000008000f0c                Default_Handler
                0x0000000008000f0c                EXTI15_10_IRQHandler
                0x0000000008000f0c                ADC_IRQHandler
                0x0000000008000f0c                DMA1_Stream7_IRQHandler
                0x0000000008000f0c                DFSDM2_FLT0_IRQHandler
                0x0000000008000f0c                SPI5_IRQHandler
                0x0000000008000f0c                TIM7_IRQHandler
                0x0000000008000f0c                CAN2_TX_IRQHandler
                0x0000000008000f0c                TIM5_IRQHandler
                0x0000000008000f0c                DMA2_Stream7_IRQHandler
                0x0000000008000f0c                I2C3_EV_IRQHandler
                0x0000000008000f0c                DFSDM2_FLT2_IRQHandler
                0x0000000008000f0c                EXTI9_5_IRQHandler
                0x0000000008000f0c                RTC_WKUP_IRQHandler
                0x0000000008000f0c                SPI2_IRQHandler
                0x0000000008000f0c                DMA1_Stream0_IRQHandler
                0x0000000008000f0c                CAN1_TX_IRQHandler
                0x0000000008000f0c                FMPI2C1_ER_IRQHandler
                0x0000000008000f0c                EXTI4_IRQHandler
                0x0000000008000f0c                DFSDM2_FLT1_IRQHandler
                0x0000000008000f0c                RNG_IRQHandler
                0x0000000008000f0c                FSMC_IRQHandler
                0x0000000008000f0c                WWDG_IRQHandler
                0x0000000008000f0c                CAN3_TX_IRQHandler
                0x0000000008000f0c                TIM2_IRQHandler
                0x0000000008000f0c                OTG_FS_WKUP_IRQHandler
                0x0000000008000f0c                TIM1_TRG_COM_TIM11_IRQHandler
                0x0000000008000f0c                EXTI1_IRQHandler
                0x0000000008000f0c                UART7_IRQHandler
                0x0000000008000f0c                USART2_IRQHandler
                0x0000000008000f0c                DFSDM1_FLT0_IRQHandler
                0x0000000008000f0c                I2C2_ER_IRQHandler
                0x0000000008000f0c                DMA2_Stream1_IRQHandler
                0x0000000008000f0c                CAN1_SCE_IRQHandler
                0x0000000008000f0c                FLASH_IRQHandler
                0x0000000008000f0c                DMA2_Stream4_IRQHandler
                0x0000000008000f0c                USART1_IRQHandler
                0x0000000008000f0c                SPI3_IRQHandler
                0x0000000008000f0c                DMA1_Stream4_IRQHandler
                0x0000000008000f0c                I2C1_ER_IRQHandler
                0x0000000008000f0c                LPTIM1_IRQHandler
                0x0000000008000f0c                DMA2_Stream6_IRQHandler
                0x0000000008000f0c                UART10_IRQHandler
                0x0000000008000f0c                SAI1_IRQHandler
                0x0000000008000f0c                DMA1_Stream3_IRQHandler
 *fill*         0x0000000008000f0e        0x2 
 .text.HAL_Init
                0x0000000008000f10       0x44 ./Drivers/STM32F4xx_HAL_Driver/Src/stm32f4xx_hal.o
                0x0000000008000f10                HAL_Init
 .text.HAL_InitTick
                0x0000000008000f54       0x60 ./Drivers/STM32F4xx_HAL_Driver/Src/stm32f4xx_hal.o
                0x0000000008000f54                HAL_InitTick
 .text.HAL_IncTick
                0x0000000008000fb4       0x28 ./Drivers/STM32F4xx_HAL_Driver/Src/stm32f4xx_hal.o
                0x0000000008000fb4                HAL_IncTick
 .text.HAL_GetTick
                0x0000000008000fdc       0x18 ./Drivers/STM32F4xx_HAL_Driver/Src/stm32f4xx_hal.o
                0x0000000008000fdc                HAL_GetTick
 .text.HAL_Delay
                0x0000000008000ff4       0x48 ./Drivers/STM32F4xx_HAL_Driver/Src/stm32f4xx_hal.o
                0x0000000008000ff4                HAL_Delay
 .text.HAL_ADC_Init
                0x000000000800103c       0x86 ./Drivers/STM32F4xx_HAL_Driver/Src/stm32f4xx_hal_adc.o
                0x000000000800103c                HAL_ADC_Init
 *fill*         0x00000000080010c2        0x2 
 .text.HAL_ADC_ConfigChannel
                0x00000000080010c4      0x264 ./Drivers/STM32F4xx_HAL_Driver/Src/stm32f4xx_hal_adc.o
                0x00000000080010c4                HAL_ADC_ConfigChannel
 .text.ADC_Init
                0x0000000008001328      0x1f8 ./Drivers/STM32F4xx_HAL_Driver/Src/stm32f4xx_hal_adc.o
 .text.HAL_CAN_Init
                0x0000000008001520      0x1f6 ./Drivers/STM32F4xx_HAL_Driver/Src/stm32f4xx_hal_can.o
                0x0000000008001520                HAL_CAN_Init
 *fill*         0x0000000008001716        0x2 
 .text.__NVIC_SetPriorityGrouping
                0x0000000008001718       0x48 ./Drivers/STM32F4xx_HAL_Driver/Src/stm32f4xx_hal_cortex.o
 .text.__NVIC_GetPriorityGrouping
                0x0000000008001760       0x1c ./Drivers/STM32F4xx_HAL_Driver/Src/stm32f4xx_hal_cortex.o
 .text.__NVIC_EnableIRQ
                0x000000000800177c       0x3c ./Drivers/STM32F4xx_HAL_Driver/Src/stm32f4xx_hal_cortex.o
 .text.__NVIC_SetPriority
                0x00000000080017b8       0x54 ./Drivers/STM32F4xx_HAL_Driver/Src/stm32f4xx_hal_cortex.o
 .text.NVIC_EncodePriority
                0x000000000800180c       0x66 ./Drivers/STM32F4xx_HAL_Driver/Src/stm32f4xx_hal_cortex.o
 *fill*         0x0000000008001872        0x2 
 .text.SysTick_Config
                0x0000000008001874       0x44 ./Drivers/STM32F4xx_HAL_Driver/Src/stm32f4xx_hal_cortex.o
 .text.HAL_NVIC_SetPriorityGrouping
                0x00000000080018b8       0x16 ./Drivers/STM32F4xx_HAL_Driver/Src/stm32f4xx_hal_cortex.o
                0x00000000080018b8                HAL_NVIC_SetPriorityGrouping
 .text.HAL_NVIC_SetPriority
                0x00000000080018ce       0x38 ./Drivers/STM32F4xx_HAL_Driver/Src/stm32f4xx_hal_cortex.o
                0x00000000080018ce                HAL_NVIC_SetPriority
 .text.HAL_NVIC_EnableIRQ
                0x0000000008001906       0x1c ./Drivers/STM32F4xx_HAL_Driver/Src/stm32f4xx_hal_cortex.o
                0x0000000008001906                HAL_NVIC_EnableIRQ
 .text.HAL_SYSTICK_Config
                0x0000000008001922       0x18 ./Drivers/STM32F4xx_HAL_Driver/Src/stm32f4xx_hal_cortex.o
                0x0000000008001922                HAL_SYSTICK_Config
 *fill*         0x000000000800193a        0x2 
 .text.HAL_GPIO_Init
                0x000000000800193c      0x328 ./Drivers/STM32F4xx_HAL_Driver/Src/stm32f4xx_hal_gpio.o
                0x000000000800193c                HAL_GPIO_Init
 .text.HAL_GPIO_WritePin
                0x0000000008001c64       0x32 ./Drivers/STM32F4xx_HAL_Driver/Src/stm32f4xx_hal_gpio.o
                0x0000000008001c64                HAL_GPIO_WritePin
 *fill*         0x0000000008001c96        0x2 
 .text.HAL_I2C_Init
                0x0000000008001c98      0x288 ./Drivers/STM32F4xx_HAL_Driver/Src/stm32f4xx_hal_i2c.o
                0x0000000008001c98                HAL_I2C_Init
 .text.HAL_PCD_Init
                0x0000000008001f20      0x248 ./Drivers/STM32F4xx_HAL_Driver/Src/stm32f4xx_hal_pcd.o
                0x0000000008001f20                HAL_PCD_Init
 .text.HAL_PCD_Start
                0x0000000008002168       0x66 ./Drivers/STM32F4xx_HAL_Driver/Src/stm32f4xx_hal_pcd.o
                0x0000000008002168                HAL_PCD_Start
 .text.HAL_PCD_Stop
                0x00000000080021ce       0x72 ./Drivers/STM32F4xx_HAL_Driver/Src/stm32f4xx_hal_pcd.o
                0x00000000080021ce                HAL_PCD_Stop
 .text.HAL_PCD_IRQHandler
                0x0000000008002240      0x7be ./Drivers/STM32F4xx_HAL_Driver/Src/stm32f4xx_hal_pcd.o
                0x0000000008002240                HAL_PCD_IRQHandler
 .text.HAL_PCD_SetAddress
                0x00000000080029fe       0x4a ./Drivers/STM32F4xx_HAL_Driver/Src/stm32f4xx_hal_pcd.o
                0x00000000080029fe                HAL_PCD_SetAddress
 .text.HAL_PCD_EP_Open
                0x0000000008002a48       0xd0 ./Drivers/STM32F4xx_HAL_Driver/Src/stm32f4xx_hal_pcd.o
                0x0000000008002a48                HAL_PCD_EP_Open
 .text.HAL_PCD_EP_Receive
                0x0000000008002b18       0x96 ./Drivers/STM32F4xx_HAL_Driver/Src/stm32f4xx_hal_pcd.o
                0x0000000008002b18                HAL_PCD_EP_Receive
 .text.HAL_PCD_EP_Transmit
                0x0000000008002bae       0x94 ./Drivers/STM32F4xx_HAL_Driver/Src/stm32f4xx_hal_pcd.o
                0x0000000008002bae                HAL_PCD_EP_Transmit
 .text.HAL_PCD_EP_SetStall
                0x0000000008002c42       0xc8 ./Drivers/STM32F4xx_HAL_Driver/Src/stm32f4xx_hal_pcd.o
                0x0000000008002c42                HAL_PCD_EP_SetStall
 .text.HAL_PCD_EP_ClrStall
                0x0000000008002d0a       0xac ./Drivers/STM32F4xx_HAL_Driver/Src/stm32f4xx_hal_pcd.o
                0x0000000008002d0a                HAL_PCD_EP_ClrStall
 .text.PCD_WriteEmptyTxFifo
                0x0000000008002db6      0x11a ./Drivers/STM32F4xx_HAL_Driver/Src/stm32f4xx_hal_pcd.o
 .text.PCD_EP_OutXfrComplete_int
                0x0000000008002ed0      0x218 ./Drivers/STM32F4xx_HAL_Driver/Src/stm32f4xx_hal_pcd.o
 .text.PCD_EP_OutSetupPacket_int
                0x00000000080030e8       0x8c ./Drivers/STM32F4xx_HAL_Driver/Src/stm32f4xx_hal_pcd.o
 .text.HAL_PCDEx_SetTxFiFo
                0x0000000008003174       0x8e ./Drivers/STM32F4xx_HAL_Driver/Src/stm32f4xx_hal_pcd_ex.o
                0x0000000008003174                HAL_PCDEx_SetTxFiFo
 .text.HAL_PCDEx_SetRxFiFo
                0x0000000008003202       0x22 ./Drivers/STM32F4xx_HAL_Driver/Src/stm32f4xx_hal_pcd_ex.o
                0x0000000008003202                HAL_PCDEx_SetRxFiFo
 .text.HAL_PCDEx_ActivateLPM
                0x0000000008003224       0x48 ./Drivers/STM32F4xx_HAL_Driver/Src/stm32f4xx_hal_pcd_ex.o
                0x0000000008003224                HAL_PCDEx_ActivateLPM
 .text.HAL_PCDEx_LPM_Callback
                0x000000000800326c       0x18 ./Drivers/STM32F4xx_HAL_Driver/Src/stm32f4xx_hal_pcd_ex.o
                0x000000000800326c                HAL_PCDEx_LPM_Callback
 .text.HAL_RCC_ClockConfig
                0x0000000008003284      0x1cc ./Drivers/STM32F4xx_HAL_Driver/Src/stm32f4xx_hal_rcc.o
                0x0000000008003284                HAL_RCC_ClockConfig
 .text.HAL_RCC_GetSysClockFreq
                0x0000000008003450      0x1c4 ./Drivers/STM32F4xx_HAL_Driver/Src/stm32f4xx_hal_rcc.o
                0x0000000008003450                HAL_RCC_GetSysClockFreq
 .text.HAL_RCC_GetHCLKFreq
                0x0000000008003614       0x18 ./Drivers/STM32F4xx_HAL_Driver/Src/stm32f4xx_hal_rcc.o
                0x0000000008003614                HAL_RCC_GetHCLKFreq
 .text.HAL_RCC_GetPCLK1Freq
                0x000000000800362c       0x28 ./Drivers/STM32F4xx_HAL_Driver/Src/stm32f4xx_hal_rcc.o
                0x000000000800362c                HAL_RCC_GetPCLK1Freq
 .text.HAL_RCC_GetPCLK2Freq
                0x0000000008003654       0x28 ./Drivers/STM32F4xx_HAL_Driver/Src/stm32f4xx_hal_rcc.o
                0x0000000008003654                HAL_RCC_GetPCLK2Freq
 .text.HAL_RCCEx_PeriphCLKConfig
                0x000000000800367c      0x518 ./Drivers/STM32F4xx_HAL_Driver/Src/stm32f4xx_hal_rcc_ex.o
                0x000000000800367c                HAL_RCCEx_PeriphCLKConfig
 .text.HAL_RCC_OscConfig
                0x0000000008003b94      0x508 ./Drivers/STM32F4xx_HAL_Driver/Src/stm32f4xx_hal_rcc_ex.o
                0x0000000008003b94                HAL_RCC_OscConfig
 .text.HAL_SPI_Init
                0x000000000800409c      0x112 ./Drivers/STM32F4xx_HAL_Driver/Src/stm32f4xx_hal_spi.o
                0x000000000800409c                HAL_SPI_Init
 .text.HAL_UART_Init
                0x00000000080041ae       0x9a ./Drivers/STM32F4xx_HAL_Driver/Src/stm32f4xx_hal_uart.o
                0x00000000080041ae                HAL_UART_Init
 .text.UART_SetConfig
                0x0000000008004248      0x3b0 ./Drivers/STM32F4xx_HAL_Driver/Src/stm32f4xx_hal_uart.o
 .text.USB_CoreInit
                0x00000000080045f8       0xc2 ./Drivers/STM32F4xx_HAL_Driver/Src/stm32f4xx_ll_usb.o
                0x00000000080045f8                USB_CoreInit
 *fill*         0x00000000080046ba        0x2 
 .text.USB_SetTurnaroundTime
                0x00000000080046bc      0x144 ./Drivers/STM32F4xx_HAL_Driver/Src/stm32f4xx_ll_usb.o
                0x00000000080046bc                USB_SetTurnaroundTime
 .text.USB_EnableGlobalInt
                0x0000000008004800       0x22 ./Drivers/STM32F4xx_HAL_Driver/Src/stm32f4xx_ll_usb.o
                0x0000000008004800                USB_EnableGlobalInt
 .text.USB_DisableGlobalInt
                0x0000000008004822       0x22 ./Drivers/STM32F4xx_HAL_Driver/Src/stm32f4xx_ll_usb.o
                0x0000000008004822                USB_DisableGlobalInt
 .text.USB_SetCurrentMode
                0x0000000008004844       0x98 ./Drivers/STM32F4xx_HAL_Driver/Src/stm32f4xx_ll_usb.o
                0x0000000008004844                USB_SetCurrentMode
 .text.USB_DevInit
                0x00000000080048dc      0x2bc ./Drivers/STM32F4xx_HAL_Driver/Src/stm32f4xx_ll_usb.o
                0x00000000080048dc                USB_DevInit
 .text.USB_FlushTxFifo
                0x0000000008004b98       0x48 ./Drivers/STM32F4xx_HAL_Driver/Src/stm32f4xx_ll_usb.o
                0x0000000008004b98                USB_FlushTxFifo
 .text.USB_FlushRxFifo
                0x0000000008004be0       0x40 ./Drivers/STM32F4xx_HAL_Driver/Src/stm32f4xx_ll_usb.o
                0x0000000008004be0                USB_FlushRxFifo
 .text.USB_SetDevSpeed
                0x0000000008004c20       0x32 ./Drivers/STM32F4xx_HAL_Driver/Src/stm32f4xx_ll_usb.o
                0x0000000008004c20                USB_SetDevSpeed
 .text.USB_GetDevSpeed
                0x0000000008004c52       0x4a ./Drivers/STM32F4xx_HAL_Driver/Src/stm32f4xx_ll_usb.o
                0x0000000008004c52                USB_GetDevSpeed
 .text.USB_ActivateEndpoint
                0x0000000008004c9c      0x10e ./Drivers/STM32F4xx_HAL_Driver/Src/stm32f4xx_ll_usb.o
                0x0000000008004c9c                USB_ActivateEndpoint
 *fill*         0x0000000008004daa        0x2 
 .text.USB_EPStartXfer
                0x0000000008004dac      0x488 ./Drivers/STM32F4xx_HAL_Driver/Src/stm32f4xx_ll_usb.o
                0x0000000008004dac                USB_EPStartXfer
 .text.USB_EP0StartXfer
                0x0000000008005234      0x2a6 ./Drivers/STM32F4xx_HAL_Driver/Src/stm32f4xx_ll_usb.o
                0x0000000008005234                USB_EP0StartXfer
 .text.USB_WritePacket
                0x00000000080054da       0x7c ./Drivers/STM32F4xx_HAL_Driver/Src/stm32f4xx_ll_usb.o
                0x00000000080054da                USB_WritePacket
 .text.USB_ReadPacket
                0x0000000008005556       0xb0 ./Drivers/STM32F4xx_HAL_Driver/Src/stm32f4xx_ll_usb.o
                0x0000000008005556                USB_ReadPacket
 .text.USB_EPSetStall
                0x0000000008005606       0xdc ./Drivers/STM32F4xx_HAL_Driver/Src/stm32f4xx_ll_usb.o
                0x0000000008005606                USB_EPSetStall
 .text.USB_EPClearStall
                0x00000000080056e2       0xcc ./Drivers/STM32F4xx_HAL_Driver/Src/stm32f4xx_ll_usb.o
                0x00000000080056e2                USB_EPClearStall
 .text.USB_SetDevAddress
                0x00000000080057ae       0x4c ./Drivers/STM32F4xx_HAL_Driver/Src/stm32f4xx_ll_usb.o
                0x00000000080057ae                USB_SetDevAddress
 .text.USB_DevConnect
                0x00000000080057fa       0x42 ./Drivers/STM32F4xx_HAL_Driver/Src/stm32f4xx_ll_usb.o
                0x00000000080057fa                USB_DevConnect
 .text.USB_DevDisconnect
                0x000000000800583c       0x42 ./Drivers/STM32F4xx_HAL_Driver/Src/stm32f4xx_ll_usb.o
                0x000000000800583c                USB_DevDisconnect
 .text.USB_ReadInterrupts
                0x000000000800587e       0x26 ./Drivers/STM32F4xx_HAL_Driver/Src/stm32f4xx_ll_usb.o
                0x000000000800587e                USB_ReadInterrupts
 .text.USB_ReadDevAllOutEpInterrupt
                0x00000000080058a4       0x34 ./Drivers/STM32F4xx_HAL_Driver/Src/stm32f4xx_ll_usb.o
                0x00000000080058a4                USB_ReadDevAllOutEpInterrupt
 .text.USB_ReadDevAllInEpInterrupt
                0x00000000080058d8       0x34 ./Drivers/STM32F4xx_HAL_Driver/Src/stm32f4xx_ll_usb.o
                0x00000000080058d8                USB_ReadDevAllInEpInterrupt
 .text.USB_ReadDevOutEPInterrupt
                0x000000000800590c       0x3c ./Drivers/STM32F4xx_HAL_Driver/Src/stm32f4xx_ll_usb.o
                0x000000000800590c                USB_ReadDevOutEPInterrupt
 .text.USB_ReadDevInEPInterrupt
                0x0000000008005948       0x5c ./Drivers/STM32F4xx_HAL_Driver/Src/stm32f4xx_ll_usb.o
                0x0000000008005948                USB_ReadDevInEPInterrupt
 .text.USB_GetMode
                0x00000000080059a4       0x1c ./Drivers/STM32F4xx_HAL_Driver/Src/stm32f4xx_ll_usb.o
                0x00000000080059a4                USB_GetMode
 .text.USB_ActivateSetup
                0x00000000080059c0       0x46 ./Drivers/STM32F4xx_HAL_Driver/Src/stm32f4xx_ll_usb.o
                0x00000000080059c0                USB_ActivateSetup
 *fill*         0x0000000008005a06        0x2 
 .text.USB_EP0_OutStart
                0x0000000008005a08       0xbc ./Drivers/STM32F4xx_HAL_Driver/Src/stm32f4xx_ll_usb.o
                0x0000000008005a08                USB_EP0_OutStart
 .text.USB_CoreReset
                0x0000000008005ac4       0x64 ./Drivers/STM32F4xx_HAL_Driver/Src/stm32f4xx_ll_usb.o
 .text.__NVIC_SystemReset
                0x0000000008005b28       0x2c ./Middlewares/ST/STM32_USB_Device_Library/Class/DFU/Src/usbd_dfu.o
 .text.USBD_DFU_Init
                0x0000000008005b54       0xb0 ./Middlewares/ST/STM32_USB_Device_Library/Class/DFU/Src/usbd_dfu.o
 .text.USBD_DFU_DeInit
                0x0000000008005c04       0x72 ./Middlewares/ST/STM32_USB_Device_Library/Class/DFU/Src/usbd_dfu.o
 *fill*         0x0000000008005c76        0x2 
 .text.USBD_DFU_Setup
                0x0000000008005c78      0x1e4 ./Middlewares/ST/STM32_USB_Device_Library/Class/DFU/Src/usbd_dfu.o
 .text.USBD_DFU_GetCfgDesc
                0x0000000008005e5c       0x20 ./Middlewares/ST/STM32_USB_Device_Library/Class/DFU/Src/usbd_dfu.o
 .text.USBD_DFU_EP0_RxReady
                0x0000000008005e7c       0x16 ./Middlewares/ST/STM32_USB_Device_Library/Class/DFU/Src/usbd_dfu.o
 .text.USBD_DFU_EP0_TxReady
                0x0000000008005e92      0x1c8 ./Middlewares/ST/STM32_USB_Device_Library/Class/DFU/Src/usbd_dfu.o
 .text.USBD_DFU_SOF
                0x000000000800605a       0x16 ./Middlewares/ST/STM32_USB_Device_Library/Class/DFU/Src/usbd_dfu.o
 .text.USBD_DFU_GetDeviceQualifierDesc
                0x0000000008006070       0x20 ./Middlewares/ST/STM32_USB_Device_Library/Class/DFU/Src/usbd_dfu.o
 .text.USBD_DFU_GetUsrStringDesc
                0x0000000008006090       0x3c ./Middlewares/ST/STM32_USB_Device_Library/Class/DFU/Src/usbd_dfu.o
 .text.USBD_DFU_RegisterMedia
                0x00000000080060cc       0x2a ./Middlewares/ST/STM32_USB_Device_Library/Class/DFU/Src/usbd_dfu.o
                0x00000000080060cc                USBD_DFU_RegisterMedia
 *fill*         0x00000000080060f6        0x2 
 .text.DFU_Detach
                0x00000000080060f8       0xc8 ./Middlewares/ST/STM32_USB_Device_Library/Class/DFU/Src/usbd_dfu.o
 .text.DFU_Download
                0x00000000080061c0       0xd8 ./Middlewares/ST/STM32_USB_Device_Library/Class/DFU/Src/usbd_dfu.o
 .text.DFU_Upload
                0x0000000008006298      0x1b2 ./Middlewares/ST/STM32_USB_Device_Library/Class/DFU/Src/usbd_dfu.o
 *fill*         0x000000000800644a        0x2 
 .text.DFU_GetStatus
                0x000000000800644c      0x16c ./Middlewares/ST/STM32_USB_Device_Library/Class/DFU/Src/usbd_dfu.o
 .text.DFU_ClearStatus
                0x00000000080065b8       0xa8 ./Middlewares/ST/STM32_USB_Device_Library/Class/DFU/Src/usbd_dfu.o
 .text.DFU_GetState
                0x0000000008006660       0x30 ./Middlewares/ST/STM32_USB_Device_Library/Class/DFU/Src/usbd_dfu.o
 .text.DFU_Abort
                0x0000000008006690       0xa2 ./Middlewares/ST/STM32_USB_Device_Library/Class/DFU/Src/usbd_dfu.o
 *fill*         0x0000000008006732        0x2 
 .text.DFU_Leave
                0x0000000008006734       0x9c ./Middlewares/ST/STM32_USB_Device_Library/Class/DFU/Src/usbd_dfu.o
 .text.USBD_Init
                0x00000000080067d0       0x60 ./Middlewares/ST/STM32_USB_Device_Library/Core/Src/usbd_core.o
                0x00000000080067d0                USBD_Init
 .text.USBD_RegisterClass
                0x0000000008006830       0x4e ./Middlewares/ST/STM32_USB_Device_Library/Core/Src/usbd_core.o
                0x0000000008006830                USBD_RegisterClass
 .text.USBD_Start
                0x000000000800687e       0x18 ./Middlewares/ST/STM32_USB_Device_Library/Core/Src/usbd_core.o
                0x000000000800687e                USBD_Start
 .text.USBD_Stop
                0x0000000008006896       0x36 ./Middlewares/ST/STM32_USB_Device_Library/Core/Src/usbd_core.o
                0x0000000008006896                USBD_Stop
 .text.USBD_RunTestMode
                0x00000000080068cc       0x16 ./Middlewares/ST/STM32_USB_Device_Library/Core/Src/usbd_core.o
                0x00000000080068cc                USBD_RunTestMode
 .text.USBD_SetClassConfig
                0x00000000080068e2       0x38 ./Middlewares/ST/STM32_USB_Device_Library/Core/Src/usbd_core.o
                0x00000000080068e2                USBD_SetClassConfig
 .text.USBD_ClrClassConfig
                0x000000000800691a       0x30 ./Middlewares/ST/STM32_USB_Device_Library/Core/Src/usbd_core.o
                0x000000000800691a                USBD_ClrClassConfig
 .text.USBD_LL_SetupStage
                0x000000000800694a       0xaa ./Middlewares/ST/STM32_USB_Device_Library/Core/Src/usbd_core.o
                0x000000000800694a                USBD_LL_SetupStage
 .text.USBD_LL_DataOutStage
                0x00000000080069f4       0xc6 ./Middlewares/ST/STM32_USB_Device_Library/Core/Src/usbd_core.o
                0x00000000080069f4                USBD_LL_DataOutStage
 .text.USBD_LL_DataInStage
                0x0000000008006aba      0x12c ./Middlewares/ST/STM32_USB_Device_Library/Core/Src/usbd_core.o
                0x0000000008006aba                USBD_LL_DataInStage
 .text.USBD_LL_Reset
                0x0000000008006be6       0x9c ./Middlewares/ST/STM32_USB_Device_Library/Core/Src/usbd_core.o
                0x0000000008006be6                USBD_LL_Reset
 .text.USBD_LL_SetSpeed
                0x0000000008006c82       0x20 ./Middlewares/ST/STM32_USB_Device_Library/Core/Src/usbd_core.o
                0x0000000008006c82                USBD_LL_SetSpeed
 .text.USBD_LL_Suspend
                0x0000000008006ca2       0x2c ./Middlewares/ST/STM32_USB_Device_Library/Core/Src/usbd_core.o
                0x0000000008006ca2                USBD_LL_Suspend
 .text.USBD_LL_Resume
                0x0000000008006cce       0x30 ./Middlewares/ST/STM32_USB_Device_Library/Core/Src/usbd_core.o
                0x0000000008006cce                USBD_LL_Resume
 .text.USBD_LL_SOF
                0x0000000008006cfe       0x44 ./Middlewares/ST/STM32_USB_Device_Library/Core/Src/usbd_core.o
                0x0000000008006cfe                USBD_LL_SOF
 .text.USBD_LL_IsoINIncomplete
                0x0000000008006d42       0x4c ./Middlewares/ST/STM32_USB_Device_Library/Core/Src/usbd_core.o
                0x0000000008006d42                USBD_LL_IsoINIncomplete
 .text.USBD_LL_IsoOUTIncomplete
                0x0000000008006d8e       0x4c ./Middlewares/ST/STM32_USB_Device_Library/Core/Src/usbd_core.o
                0x0000000008006d8e                USBD_LL_IsoOUTIncomplete
 .text.USBD_LL_DevConnected
                0x0000000008006dda       0x16 ./Middlewares/ST/STM32_USB_Device_Library/Core/Src/usbd_core.o
                0x0000000008006dda                USBD_LL_DevConnected
 .text.USBD_LL_DevDisconnected
                0x0000000008006df0       0x38 ./Middlewares/ST/STM32_USB_Device_Library/Core/Src/usbd_core.o
                0x0000000008006df0                USBD_LL_DevDisconnected
 .text.SWAPBYTE
                0x0000000008006e28       0x3c ./Middlewares/ST/STM32_USB_Device_Library/Core/Src/usbd_ctlreq.o
 .text.USBD_StdDevReq
                0x0000000008006e64       0xdc ./Middlewares/ST/STM32_USB_Device_Library/Core/Src/usbd_ctlreq.o
                0x0000000008006e64                USBD_StdDevReq
 .text.USBD_StdItfReq
                0x0000000008006f40       0x92 ./Middlewares/ST/STM32_USB_Device_Library/Core/Src/usbd_ctlreq.o
                0x0000000008006f40                USBD_StdItfReq
 .text.USBD_StdEPReq
                0x0000000008006fd2      0x2c4 ./Middlewares/ST/STM32_USB_Device_Library/Core/Src/usbd_ctlreq.o
                0x0000000008006fd2                USBD_StdEPReq
 *fill*         0x0000000008007296        0x2 
 .text.USBD_GetDescriptor
                0x0000000008007298      0x2f8 ./Middlewares/ST/STM32_USB_Device_Library/Core/Src/usbd_ctlreq.o
 .text.USBD_SetAddress
                0x0000000008007590       0x88 ./Middlewares/ST/STM32_USB_Device_Library/Core/Src/usbd_ctlreq.o
 .text.USBD_SetConfig
                0x0000000008007618      0x14c ./Middlewares/ST/STM32_USB_Device_Library/Core/Src/usbd_ctlreq.o
 .text.USBD_GetConfig
                0x0000000008007764       0x6c ./Middlewares/ST/STM32_USB_Device_Library/Core/Src/usbd_ctlreq.o
 .text.USBD_GetStatus
                0x00000000080077d0       0x68 ./Middlewares/ST/STM32_USB_Device_Library/Core/Src/usbd_ctlreq.o
 .text.USBD_SetFeature
                0x0000000008007838       0x28 ./Middlewares/ST/STM32_USB_Device_Library/Core/Src/usbd_ctlreq.o
 .text.USBD_ClrFeature
                0x0000000008007860       0x44 ./Middlewares/ST/STM32_USB_Device_Library/Core/Src/usbd_ctlreq.o
 .text.USBD_ParseSetupRequest
                0x00000000080078a4       0x74 ./Middlewares/ST/STM32_USB_Device_Library/Core/Src/usbd_ctlreq.o
                0x00000000080078a4                USBD_ParseSetupRequest
 .text.USBD_CtlError
                0x0000000008007918       0x22 ./Middlewares/ST/STM32_USB_Device_Library/Core/Src/usbd_ctlreq.o
                0x0000000008007918                USBD_CtlError
 .text.USBD_GetString
                0x000000000800793a       0x8c ./Middlewares/ST/STM32_USB_Device_Library/Core/Src/usbd_ctlreq.o
                0x000000000800793a                USBD_GetString
 .text.USBD_GetLen
                0x00000000080079c6       0x34 ./Middlewares/ST/STM32_USB_Device_Library/Core/Src/usbd_ctlreq.o
 .text.USBD_CtlSendData
                0x00000000080079fa       0x36 ./Middlewares/ST/STM32_USB_Device_Library/Core/Src/usbd_ioreq.o
                0x00000000080079fa                USBD_CtlSendData
 .text.USBD_CtlContinueSendData
                0x0000000008007a30       0x22 ./Middlewares/ST/STM32_USB_Device_Library/Core/Src/usbd_ioreq.o
                0x0000000008007a30                USBD_CtlContinueSendData
 .text.USBD_CtlPrepareRx
                0x0000000008007a52       0x3a ./Middlewares/ST/STM32_USB_Device_Library/Core/Src/usbd_ioreq.o
                0x0000000008007a52                USBD_CtlPrepareRx
 .text.USBD_CtlContinueRx
                0x0000000008007a8c       0x22 ./Middlewares/ST/STM32_USB_Device_Library/Core/Src/usbd_ioreq.o
                0x0000000008007a8c                USBD_CtlContinueRx
 .text.USBD_CtlSendStatus
                0x0000000008007aae       0x26 ./Middlewares/ST/STM32_USB_Device_Library/Core/Src/usbd_ioreq.o
                0x0000000008007aae                USBD_CtlSendStatus
 .text.USBD_CtlReceiveStatus
                0x0000000008007ad4       0x26 ./Middlewares/ST/STM32_USB_Device_Library/Core/Src/usbd_ioreq.o
                0x0000000008007ad4                USBD_CtlReceiveStatus
 *fill*         0x0000000008007afa        0x2 
 .text.MX_USB_DEVICE_Init
                0x0000000008007afc       0x60 ./USB_DEVICE/App/usb_device.o
                0x0000000008007afc                MX_USB_DEVICE_Init
 .text.USBD_FS_DeviceDescriptor
                0x0000000008007b5c       0x24 ./USB_DEVICE/App/usbd_desc.o
                0x0000000008007b5c                USBD_FS_DeviceDescriptor
 .text.USBD_FS_LangIDStrDescriptor
                0x0000000008007b80       0x24 ./USB_DEVICE/App/usbd_desc.o
                0x0000000008007b80                USBD_FS_LangIDStrDescriptor
 .text.USBD_FS_ProductStrDescriptor
                0x0000000008007ba4       0x3c ./USB_DEVICE/App/usbd_desc.o
                0x0000000008007ba4                USBD_FS_ProductStrDescriptor
 .text.USBD_FS_ManufacturerStrDescriptor
                0x0000000008007be0       0x28 ./USB_DEVICE/App/usbd_desc.o
                0x0000000008007be0                USBD_FS_ManufacturerStrDescriptor
 .text.USBD_FS_SerialStrDescriptor
                0x0000000008007c08       0x24 ./USB_DEVICE/App/usbd_desc.o
                0x0000000008007c08                USBD_FS_SerialStrDescriptor
 .text.USBD_FS_ConfigStrDescriptor
                0x0000000008007c2c       0x3c ./USB_DEVICE/App/usbd_desc.o
                0x0000000008007c2c                USBD_FS_ConfigStrDescriptor
 .text.USBD_FS_InterfaceStrDescriptor
                0x0000000008007c68       0x3c ./USB_DEVICE/App/usbd_desc.o
                0x0000000008007c68                USBD_FS_InterfaceStrDescriptor
 .text.Get_SerialNum
                0x0000000008007ca4       0x58 ./USB_DEVICE/App/usbd_desc.o
 .text.IntToUnicode
                0x0000000008007cfc       0x7e ./USB_DEVICE/App/usbd_desc.o
 .text.MEM_If_Init_FS
                0x0000000008007d7a       0x10 ./USB_DEVICE/App/usbd_dfu_if.o
 .text.MEM_If_DeInit_FS
                0x0000000008007d8a       0x10 ./USB_DEVICE/App/usbd_dfu_if.o
 .text.MEM_If_Erase_FS
                0x0000000008007d9a       0x16 ./USB_DEVICE/App/usbd_dfu_if.o
 .text.MEM_If_Write_FS
                0x0000000008007db0       0x1a ./USB_DEVICE/App/usbd_dfu_if.o
 .text.MEM_If_Read_FS
                0x0000000008007dca       0x1a ./USB_DEVICE/App/usbd_dfu_if.o
 .text.MEM_If_GetStatus_FS
                0x0000000008007de4       0x22 ./USB_DEVICE/App/usbd_dfu_if.o
 *fill*         0x0000000008007e06        0x2 
 .text.HAL_PCD_MspInit
                0x0000000008007e08       0xec ./USB_DEVICE/Target/usbd_conf.o
                0x0000000008007e08                HAL_PCD_MspInit
 .text.HAL_PCD_SetupStageCallback
                0x0000000008007ef4       0x24 ./USB_DEVICE/Target/usbd_conf.o
                0x0000000008007ef4                HAL_PCD_SetupStageCallback
 .text.HAL_PCD_DataOutStageCallback
                0x0000000008007f18       0x36 ./USB_DEVICE/Target/usbd_conf.o
                0x0000000008007f18                HAL_PCD_DataOutStageCallback
 .text.HAL_PCD_DataInStageCallback
                0x0000000008007f4e       0x34 ./USB_DEVICE/Target/usbd_conf.o
                0x0000000008007f4e                HAL_PCD_DataInStageCallback
 .text.HAL_PCD_SOFCallback
                0x0000000008007f82       0x1c ./USB_DEVICE/Target/usbd_conf.o
                0x0000000008007f82                HAL_PCD_SOFCallback
 .text.HAL_PCD_ResetCallback
                0x0000000008007f9e       0x3c ./USB_DEVICE/Target/usbd_conf.o
                0x0000000008007f9e                HAL_PCD_ResetCallback
 *fill*         0x0000000008007fda        0x2 
 .text.HAL_PCD_SuspendCallback
                0x0000000008007fdc       0x4c ./USB_DEVICE/Target/usbd_conf.o
                0x0000000008007fdc                HAL_PCD_SuspendCallback
 .text.HAL_PCD_ResumeCallback
                0x0000000008008028       0x1c ./USB_DEVICE/Target/usbd_conf.o
                0x0000000008008028                HAL_PCD_ResumeCallback
 .text.HAL_PCD_ISOOUTIncompleteCallback
                0x0000000008008044       0x24 ./USB_DEVICE/Target/usbd_conf.o
                0x0000000008008044                HAL_PCD_ISOOUTIncompleteCallback
 .text.HAL_PCD_ISOINIncompleteCallback
                0x0000000008008068       0x24 ./USB_DEVICE/Target/usbd_conf.o
                0x0000000008008068                HAL_PCD_ISOINIncompleteCallback
 .text.HAL_PCD_ConnectCallback
                0x000000000800808c       0x1c ./USB_DEVICE/Target/usbd_conf.o
                0x000000000800808c                HAL_PCD_ConnectCallback
 .text.HAL_PCD_DisconnectCallback
                0x00000000080080a8       0x1c ./USB_DEVICE/Target/usbd_conf.o
                0x00000000080080a8                HAL_PCD_DisconnectCallback
 .text.USBD_LL_Init
                0x00000000080080c4       0xa0 ./USB_DEVICE/Target/usbd_conf.o
                0x00000000080080c4                USBD_LL_Init
 .text.USBD_LL_Start
                0x0000000008008164       0x36 ./USB_DEVICE/Target/usbd_conf.o
                0x0000000008008164                USBD_LL_Start
 .text.USBD_LL_Stop
                0x000000000800819a       0x36 ./USB_DEVICE/Target/usbd_conf.o
                0x000000000800819a                USBD_LL_Stop
 .text.USBD_LL_OpenEP
                0x00000000080081d0       0x4c ./USB_DEVICE/Target/usbd_conf.o
                0x00000000080081d0                USBD_LL_OpenEP
 .text.USBD_LL_StallEP
                0x000000000800821c       0x3e ./USB_DEVICE/Target/usbd_conf.o
                0x000000000800821c                USBD_LL_StallEP
 .text.USBD_LL_ClearStallEP
                0x000000000800825a       0x3e ./USB_DEVICE/Target/usbd_conf.o
                0x000000000800825a                USBD_LL_ClearStallEP
 .text.USBD_LL_IsStallEP
                0x0000000008008298       0x58 ./USB_DEVICE/Target/usbd_conf.o
                0x0000000008008298                USBD_LL_IsStallEP
 .text.USBD_LL_SetUSBAddress
                0x00000000080082f0       0x3e ./USB_DEVICE/Target/usbd_conf.o
                0x00000000080082f0                USBD_LL_SetUSBAddress
 .text.USBD_LL_Transmit
                0x000000000800832e       0x42 ./USB_DEVICE/Target/usbd_conf.o
                0x000000000800832e                USBD_LL_Transmit
 .text.USBD_LL_PrepareReceive
                0x0000000008008370       0x42 ./USB_DEVICE/Target/usbd_conf.o
                0x0000000008008370                USBD_LL_PrepareReceive
 *fill*         0x00000000080083b2        0x2 
 .text.USBD_static_malloc
                0x00000000080083b4       0x1c ./USB_DEVICE/Target/usbd_conf.o
                0x00000000080083b4                USBD_static_malloc
 .text.USBD_static_free
                0x00000000080083d0       0x14 ./USB_DEVICE/Target/usbd_conf.o
                0x00000000080083d0                USBD_static_free
 .text.USBD_Get_USB_Status
                0x00000000080083e4       0x58 ./USB_DEVICE/Target/usbd_conf.o
                0x00000000080083e4                USBD_Get_USB_Status
 .text.__libc_init_array
                0x000000000800843c       0x48 c:/st/stm32cubeide_1.7.0/stm32cubeide/plugins/com.st.stm32cube.ide.mcu.externaltools.gnu-tools-for-stm32.9-2020-q2-update.win32_2.0.0.202105311346/tools/bin/../lib/gcc/arm-none-eabi/9.3.1/../../../../arm-none-eabi/lib/thumb/v7e-m+fp/hard\libc_nano.a(lib_a-init.o)
                0x000000000800843c                __libc_init_array
 .text.memset   0x0000000008008484       0x10 c:/st/stm32cubeide_1.7.0/stm32cubeide/plugins/com.st.stm32cube.ide.mcu.externaltools.gnu-tools-for-stm32.9-2020-q2-update.win32_2.0.0.202105311346/tools/bin/../lib/gcc/arm-none-eabi/9.3.1/../../../../arm-none-eabi/lib/thumb/v7e-m+fp/hard\libc_nano.a(lib_a-memset.o)
                0x0000000008008484                memset
 *(.glue_7)
 .glue_7        0x0000000008008494        0x0 linker stubs
 *(.glue_7t)
 .glue_7t       0x0000000008008494        0x0 linker stubs
 *(.eh_frame)
 .eh_frame      0x0000000008008494        0x0 c:/st/stm32cubeide_1.7.0/stm32cubeide/plugins/com.st.stm32cube.ide.mcu.externaltools.gnu-tools-for-stm32.9-2020-q2-update.win32_2.0.0.202105311346/tools/bin/../lib/gcc/arm-none-eabi/9.3.1/thumb/v7e-m+fp/hard/crtbegin.o
 *(.init)
 .init          0x0000000008008494        0x4 c:/st/stm32cubeide_1.7.0/stm32cubeide/plugins/com.st.stm32cube.ide.mcu.externaltools.gnu-tools-for-stm32.9-2020-q2-update.win32_2.0.0.202105311346/tools/bin/../lib/gcc/arm-none-eabi/9.3.1/thumb/v7e-m+fp/hard/crti.o
                0x0000000008008494                _init
 .init          0x0000000008008498        0x8 c:/st/stm32cubeide_1.7.0/stm32cubeide/plugins/com.st.stm32cube.ide.mcu.externaltools.gnu-tools-for-stm32.9-2020-q2-update.win32_2.0.0.202105311346/tools/bin/../lib/gcc/arm-none-eabi/9.3.1/thumb/v7e-m+fp/hard/crtn.o
 *(.fini)
 .fini          0x00000000080084a0        0x4 c:/st/stm32cubeide_1.7.0/stm32cubeide/plugins/com.st.stm32cube.ide.mcu.externaltools.gnu-tools-for-stm32.9-2020-q2-update.win32_2.0.0.202105311346/tools/bin/../lib/gcc/arm-none-eabi/9.3.1/thumb/v7e-m+fp/hard/crti.o
                0x00000000080084a0                _fini
 .fini          0x00000000080084a4        0x8 c:/st/stm32cubeide_1.7.0/stm32cubeide/plugins/com.st.stm32cube.ide.mcu.externaltools.gnu-tools-for-stm32.9-2020-q2-update.win32_2.0.0.202105311346/tools/bin/../lib/gcc/arm-none-eabi/9.3.1/thumb/v7e-m+fp/hard/crtn.o
                0x00000000080084ac                . = ALIGN (0x4)
                0x00000000080084ac                _etext = .

.vfp11_veneer   0x00000000080084ac        0x0
 .vfp11_veneer  0x00000000080084ac        0x0 linker stubs

.v4_bx          0x00000000080084ac        0x0
 .v4_bx         0x00000000080084ac        0x0 linker stubs

.iplt           0x00000000080084ac        0x0
 .iplt          0x00000000080084ac        0x0 c:/st/stm32cubeide_1.7.0/stm32cubeide/plugins/com.st.stm32cube.ide.mcu.externaltools.gnu-tools-for-stm32.9-2020-q2-update.win32_2.0.0.202105311346/tools/bin/../lib/gcc/arm-none-eabi/9.3.1/thumb/v7e-m+fp/hard/crtbegin.o

.rodata         0x00000000080084ac       0xc8
                0x00000000080084ac                . = ALIGN (0x4)
 *(.rodata)
 .rodata        0x00000000080084ac       0x4e ./USB_DEVICE/App/usbd_desc.o
 *fill*         0x00000000080084fa        0x2 
 .rodata        0x00000000080084fc       0x5d ./USB_DEVICE/App/usbd_dfu_if.o
 *(.rodata*)
 *fill*         0x0000000008008559        0x3 
 .rodata.AHBPrescTable
                0x000000000800855c       0x10 ./Core/Src/system_stm32f4xx.o
                0x000000000800855c                AHBPrescTable
 .rodata.APBPrescTable
                0x000000000800856c        0x8 ./Core/Src/system_stm32f4xx.o
                0x000000000800856c                APBPrescTable
                0x0000000008008574                . = ALIGN (0x4)

.ARM.extab      0x0000000008008574        0x0
                0x0000000008008574                . = ALIGN (0x4)
 *(.ARM.extab* .gnu.linkonce.armextab.*)
                0x0000000008008574                . = ALIGN (0x4)

.ARM            0x0000000008008574        0x8
                0x0000000008008574                . = ALIGN (0x4)
                0x0000000008008574                __exidx_start = .
 *(.ARM.exidx*)
 .ARM.exidx     0x0000000008008574        0x8 c:/st/stm32cubeide_1.7.0/stm32cubeide/plugins/com.st.stm32cube.ide.mcu.externaltools.gnu-tools-for-stm32.9-2020-q2-update.win32_2.0.0.202105311346/tools/bin/../lib/gcc/arm-none-eabi/9.3.1/thumb/v7e-m+fp/hard\libgcc.a(_udivmoddi4.o)
                0x000000000800857c                __exidx_end = .
                0x000000000800857c                . = ALIGN (0x4)

.rel.dyn        0x000000000800857c        0x0
 .rel.iplt      0x000000000800857c        0x0 c:/st/stm32cubeide_1.7.0/stm32cubeide/plugins/com.st.stm32cube.ide.mcu.externaltools.gnu-tools-for-stm32.9-2020-q2-update.win32_2.0.0.202105311346/tools/bin/../lib/gcc/arm-none-eabi/9.3.1/thumb/v7e-m+fp/hard/crtbegin.o

.preinit_array  0x000000000800857c        0x0
                0x000000000800857c                . = ALIGN (0x4)
                0x000000000800857c                PROVIDE (__preinit_array_start = .)
 *(.preinit_array*)
                0x000000000800857c                PROVIDE (__preinit_array_end = .)
                0x000000000800857c                . = ALIGN (0x4)

.init_array     0x000000000800857c        0x4
                0x000000000800857c                . = ALIGN (0x4)
                0x000000000800857c                PROVIDE (__init_array_start = .)
 *(SORT_BY_NAME(.init_array.*))
 *(.init_array*)
 .init_array    0x000000000800857c        0x4 c:/st/stm32cubeide_1.7.0/stm32cubeide/plugins/com.st.stm32cube.ide.mcu.externaltools.gnu-tools-for-stm32.9-2020-q2-update.win32_2.0.0.202105311346/tools/bin/../lib/gcc/arm-none-eabi/9.3.1/thumb/v7e-m+fp/hard/crtbegin.o
                0x0000000008008580                PROVIDE (__init_array_end = .)
                0x0000000008008580                . = ALIGN (0x4)

.fini_array     0x0000000008008580        0x4
                0x0000000008008580                . = ALIGN (0x4)
                [!provide]                        PROVIDE (__fini_array_start = .)
 *(SORT_BY_NAME(.fini_array.*))
 *(.fini_array*)
 .fini_array    0x0000000008008580        0x4 c:/st/stm32cubeide_1.7.0/stm32cubeide/plugins/com.st.stm32cube.ide.mcu.externaltools.gnu-tools-for-stm32.9-2020-q2-update.win32_2.0.0.202105311346/tools/bin/../lib/gcc/arm-none-eabi/9.3.1/thumb/v7e-m+fp/hard/crtbegin.o
                [!provide]                        PROVIDE (__fini_array_end = .)
                0x0000000008008584                . = ALIGN (0x4)
                0x0000000008008584                _sidata = LOADADDR (.data)

.data           0x0000000020000000       0xdc load address 0x0000000008008584
                0x0000000020000000                . = ALIGN (0x4)
                0x0000000020000000                _sdata = .
 *(.data)
 *(.data*)
 .data.SystemCoreClock
                0x0000000020000000        0x4 ./Core/Src/system_stm32f4xx.o
                0x0000000020000000                SystemCoreClock
 .data.uwTickPrio
                0x0000000020000004        0x4 ./Drivers/STM32F4xx_HAL_Driver/Src/stm32f4xx_hal.o
                0x0000000020000004                uwTickPrio
 .data.uwTickFreq
                0x0000000020000008        0x1 ./Drivers/STM32F4xx_HAL_Driver/Src/stm32f4xx_hal.o
                0x0000000020000008                uwTickFreq
 *fill*         0x0000000020000009        0x3 
 .data.USBD_DFU
                0x000000002000000c       0x3c ./Middlewares/ST/STM32_USB_Device_Library/Class/DFU/Src/usbd_dfu.o
                0x000000002000000c                USBD_DFU
 .data.USBD_DFU_CfgDesc
                0x0000000020000048       0x1b ./Middlewares/ST/STM32_USB_Device_Library/Class/DFU/Src/usbd_dfu.o
 *fill*         0x0000000020000063        0x1 
 .data.USBD_DFU_DeviceQualifierDesc
                0x0000000020000064        0xa ./Middlewares/ST/STM32_USB_Device_Library/Class/DFU/Src/usbd_dfu.o
 *fill*         0x000000002000006e        0x2 
 .data.FS_Desc  0x0000000020000070       0x1c ./USB_DEVICE/App/usbd_desc.o
                0x0000000020000070                FS_Desc
 .data.USBD_FS_DeviceDesc
                0x000000002000008c       0x12 ./USB_DEVICE/App/usbd_desc.o
                0x000000002000008c                USBD_FS_DeviceDesc
 *fill*         0x000000002000009e        0x2 
 .data.USBD_LangIDDesc
                0x00000000200000a0        0x4 ./USB_DEVICE/App/usbd_desc.o
                0x00000000200000a0                USBD_LangIDDesc
 .data.USBD_StringSerial
                0x00000000200000a4       0x1a ./USB_DEVICE/App/usbd_desc.o
                0x00000000200000a4                USBD_StringSerial
 *fill*         0x00000000200000be        0x2 
 .data.USBD_DFU_fops_FS
                0x00000000200000c0       0x1c ./USB_DEVICE/App/usbd_dfu_if.o
                0x00000000200000c0                USBD_DFU_fops_FS
 *(.RamFunc)
 *(.RamFunc*)
                0x00000000200000dc                . = ALIGN (0x4)
                0x00000000200000dc                _edata = .

.igot.plt       0x00000000200000dc        0x0 load address 0x0000000008008660
 .igot.plt      0x00000000200000dc        0x0 c:/st/stm32cubeide_1.7.0/stm32cubeide/plugins/com.st.stm32cube.ide.mcu.externaltools.gnu-tools-for-stm32.9-2020-q2-update.win32_2.0.0.202105311346/tools/bin/../lib/gcc/arm-none-eabi/9.3.1/thumb/v7e-m+fp/hard/crtbegin.o
                0x00000000200000dc                . = ALIGN (0x4)

.bss            0x00000000200000dc      0xfd0 load address 0x0000000008008660
                0x00000000200000dc                _sbss = .
                0x00000000200000dc                __bss_start__ = _sbss
 *(.bss)
 .bss           0x00000000200000dc       0x1c c:/st/stm32cubeide_1.7.0/stm32cubeide/plugins/com.st.stm32cube.ide.mcu.externaltools.gnu-tools-for-stm32.9-2020-q2-update.win32_2.0.0.202105311346/tools/bin/../lib/gcc/arm-none-eabi/9.3.1/thumb/v7e-m+fp/hard/crtbegin.o
 *(.bss*)
 .bss.USBD_StrDesc.11135
                0x00000000200000f8       0xff ./Middlewares/ST/STM32_USB_Device_Library/Class/DFU/Src/usbd_dfu.o
 .bss.cfgidx.11095
                0x00000000200001f7        0x1 ./Middlewares/ST/STM32_USB_Device_Library/Core/Src/usbd_ctlreq.o
 .bss.mem.11166
                0x00000000200001f8      0x420 ./USB_DEVICE/Target/usbd_conf.o
 *(COMMON)
 COMMON         0x0000000020000618      0x1b8 ./Core/Src/main.o
                0x0000000020000618                hspi2
                0x0000000020000670                huart3
                0x00000000200006b4                hi2c1
                0x0000000020000708                hspi3
                0x0000000020000760                hadc1
                0x00000000200007a8                hcan1
 COMMON         0x00000000200007d0        0x4 ./Drivers/STM32F4xx_HAL_Driver/Src/stm32f4xx_hal.o
                0x00000000200007d0                uwTick
 COMMON         0x00000000200007d4      0x2d0 ./USB_DEVICE/App/usb_device.o
                0x00000000200007d4                hUsbDeviceFS
 COMMON         0x0000000020000aa4      0x200 ./USB_DEVICE/App/usbd_desc.o
                0x0000000020000aa4                USBD_StrDesc
 COMMON         0x0000000020000ca4      0x408 ./USB_DEVICE/Target/usbd_conf.o
                0x0000000020000ca4                hpcd_USB_OTG_FS
                0x00000000200010ac                . = ALIGN (0x4)
                0x00000000200010ac                _ebss = .
                0x00000000200010ac                __bss_end__ = _ebss

._user_heap_stack
                0x00000000200010ac      0x604 load address 0x0000000008008660
                0x00000000200010b0                . = ALIGN (0x8)
 *fill*         0x00000000200010ac        0x4 
                [!provide]                        PROVIDE (end = .)
                0x00000000200010b0                PROVIDE (_end = .)
                0x00000000200012b0                . = (. + _Min_Heap_Size)
 *fill*         0x00000000200010b0      0x200 
                0x00000000200016b0                . = (. + _Min_Stack_Size)
 *fill*         0x00000000200012b0      0x400 
                0x00000000200016b0                . = ALIGN (0x8)

/DISCARD/
 libc.a(*)
 libm.a(*)
 libgcc.a(*)

.ARM.attributes
                0x0000000000000000       0x30
 *(.ARM.attributes)
 .ARM.attributes
                0x0000000000000000       0x1e c:/st/stm32cubeide_1.7.0/stm32cubeide/plugins/com.st.stm32cube.ide.mcu.externaltools.gnu-tools-for-stm32.9-2020-q2-update.win32_2.0.0.202105311346/tools/bin/../lib/gcc/arm-none-eabi/9.3.1/thumb/v7e-m+fp/hard/crti.o
 .ARM.attributes
                0x000000000000001e       0x34 c:/st/stm32cubeide_1.7.0/stm32cubeide/plugins/com.st.stm32cube.ide.mcu.externaltools.gnu-tools-for-stm32.9-2020-q2-update.win32_2.0.0.202105311346/tools/bin/../lib/gcc/arm-none-eabi/9.3.1/thumb/v7e-m+fp/hard/crtbegin.o
 .ARM.attributes
                0x0000000000000052       0x34 ./Core/Src/main.o
 .ARM.attributes
                0x0000000000000086       0x34 ./Core/Src/stm32f4xx_hal_msp.o
 .ARM.attributes
                0x00000000000000ba       0x34 ./Core/Src/stm32f4xx_it.o
 .ARM.attributes
                0x00000000000000ee       0x34 ./Core/Src/system_stm32f4xx.o
 .ARM.attributes
                0x0000000000000122       0x21 ./Core/Startup/startup_stm32f413zhtx.o
 .ARM.attributes
                0x0000000000000143       0x34 ./Drivers/STM32F4xx_HAL_Driver/Src/stm32f4xx_hal.o
 .ARM.attributes
                0x0000000000000177       0x34 ./Drivers/STM32F4xx_HAL_Driver/Src/stm32f4xx_hal_adc.o
 .ARM.attributes
                0x00000000000001ab       0x34 ./Drivers/STM32F4xx_HAL_Driver/Src/stm32f4xx_hal_can.o
 .ARM.attributes
                0x00000000000001df       0x34 ./Drivers/STM32F4xx_HAL_Driver/Src/stm32f4xx_hal_cortex.o
 .ARM.attributes
                0x0000000000000213       0x34 ./Drivers/STM32F4xx_HAL_Driver/Src/stm32f4xx_hal_gpio.o
 .ARM.attributes
                0x0000000000000247       0x34 ./Drivers/STM32F4xx_HAL_Driver/Src/stm32f4xx_hal_i2c.o
 .ARM.attributes
                0x000000000000027b       0x34 ./Drivers/STM32F4xx_HAL_Driver/Src/stm32f4xx_hal_pcd.o
 .ARM.attributes
                0x00000000000002af       0x34 ./Drivers/STM32F4xx_HAL_Driver/Src/stm32f4xx_hal_pcd_ex.o
 .ARM.attributes
                0x00000000000002e3       0x34 ./Drivers/STM32F4xx_HAL_Driver/Src/stm32f4xx_hal_rcc.o
 .ARM.attributes
                0x0000000000000317       0x34 ./Drivers/STM32F4xx_HAL_Driver/Src/stm32f4xx_hal_rcc_ex.o
 .ARM.attributes
                0x000000000000034b       0x34 ./Drivers/STM32F4xx_HAL_Driver/Src/stm32f4xx_hal_spi.o
 .ARM.attributes
                0x000000000000037f       0x34 ./Drivers/STM32F4xx_HAL_Driver/Src/stm32f4xx_hal_uart.o
 .ARM.attributes
                0x00000000000003b3       0x34 ./Drivers/STM32F4xx_HAL_Driver/Src/stm32f4xx_ll_usb.o
 .ARM.attributes
                0x00000000000003e7       0x34 ./Middlewares/ST/STM32_USB_Device_Library/Class/DFU/Src/usbd_dfu.o
 .ARM.attributes
                0x000000000000041b       0x34 ./Middlewares/ST/STM32_USB_Device_Library/Core/Src/usbd_core.o
 .ARM.attributes
                0x000000000000044f       0x34 ./Middlewares/ST/STM32_USB_Device_Library/Core/Src/usbd_ctlreq.o
 .ARM.attributes
                0x0000000000000483       0x34 ./Middlewares/ST/STM32_USB_Device_Library/Core/Src/usbd_ioreq.o
 .ARM.attributes
                0x00000000000004b7       0x34 ./USB_DEVICE/App/usb_device.o
 .ARM.attributes
                0x00000000000004eb       0x34 ./USB_DEVICE/App/usbd_desc.o
 .ARM.attributes
                0x000000000000051f       0x34 ./USB_DEVICE/App/usbd_dfu_if.o
 .ARM.attributes
                0x0000000000000553       0x34 ./USB_DEVICE/Target/usbd_conf.o
 .ARM.attributes
                0x0000000000000587       0x34 c:/st/stm32cubeide_1.7.0/stm32cubeide/plugins/com.st.stm32cube.ide.mcu.externaltools.gnu-tools-for-stm32.9-2020-q2-update.win32_2.0.0.202105311346/tools/bin/../lib/gcc/arm-none-eabi/9.3.1/../../../../arm-none-eabi/lib/thumb/v7e-m+fp/hard\libc_nano.a(lib_a-init.o)
 .ARM.attributes
                0x00000000000005bb       0x34 c:/st/stm32cubeide_1.7.0/stm32cubeide/plugins/com.st.stm32cube.ide.mcu.externaltools.gnu-tools-for-stm32.9-2020-q2-update.win32_2.0.0.202105311346/tools/bin/../lib/gcc/arm-none-eabi/9.3.1/../../../../arm-none-eabi/lib/thumb/v7e-m+fp/hard\libc_nano.a(lib_a-memset.o)
 .ARM.attributes
                0x00000000000005ef       0x1e c:/st/stm32cubeide_1.7.0/stm32cubeide/plugins/com.st.stm32cube.ide.mcu.externaltools.gnu-tools-for-stm32.9-2020-q2-update.win32_2.0.0.202105311346/tools/bin/../lib/gcc/arm-none-eabi/9.3.1/thumb/v7e-m+fp/hard\libgcc.a(_aeabi_uldivmod.o)
 .ARM.attributes
                0x000000000000060d       0x34 c:/st/stm32cubeide_1.7.0/stm32cubeide/plugins/com.st.stm32cube.ide.mcu.externaltools.gnu-tools-for-stm32.9-2020-q2-update.win32_2.0.0.202105311346/tools/bin/../lib/gcc/arm-none-eabi/9.3.1/thumb/v7e-m+fp/hard\libgcc.a(_udivmoddi4.o)
 .ARM.attributes
                0x0000000000000641       0x1e c:/st/stm32cubeide_1.7.0/stm32cubeide/plugins/com.st.stm32cube.ide.mcu.externaltools.gnu-tools-for-stm32.9-2020-q2-update.win32_2.0.0.202105311346/tools/bin/../lib/gcc/arm-none-eabi/9.3.1/thumb/v7e-m+fp/hard\libgcc.a(_dvmd_tls.o)
 .ARM.attributes
                0x000000000000065f       0x1e c:/st/stm32cubeide_1.7.0/stm32cubeide/plugins/com.st.stm32cube.ide.mcu.externaltools.gnu-tools-for-stm32.9-2020-q2-update.win32_2.0.0.202105311346/tools/bin/../lib/gcc/arm-none-eabi/9.3.1/thumb/v7e-m+fp/hard/crtn.o
OUTPUT(Comento_I2C_Code.elf elf32-littlearm)
LOAD linker stubs
LOAD c:/st/stm32cubeide_1.7.0/stm32cubeide/plugins/com.st.stm32cube.ide.mcu.externaltools.gnu-tools-for-stm32.9-2020-q2-update.win32_2.0.0.202105311346/tools/bin/../lib/gcc/arm-none-eabi/9.3.1/../../../../arm-none-eabi/lib/thumb/v7e-m+fp/hard\libc.a
LOAD c:/st/stm32cubeide_1.7.0/stm32cubeide/plugins/com.st.stm32cube.ide.mcu.externaltools.gnu-tools-for-stm32.9-2020-q2-update.win32_2.0.0.202105311346/tools/bin/../lib/gcc/arm-none-eabi/9.3.1/../../../../arm-none-eabi/lib/thumb/v7e-m+fp/hard\libm.a
LOAD c:/st/stm32cubeide_1.7.0/stm32cubeide/plugins/com.st.stm32cube.ide.mcu.externaltools.gnu-tools-for-stm32.9-2020-q2-update.win32_2.0.0.202105311346/tools/bin/../lib/gcc/arm-none-eabi/9.3.1/thumb/v7e-m+fp/hard\libgcc.a

.debug_info     0x0000000000000000    0x1e92b
 .debug_info    0x0000000000000000     0x22d1 ./Core/Src/main.o
 .debug_info    0x00000000000022d1     0x186e ./Core/Src/stm32f4xx_hal_msp.o
 .debug_info    0x0000000000003b3f      0x73f ./Core/Src/stm32f4xx_it.o
 .debug_info    0x000000000000427e      0x5dc ./Core/Src/system_stm32f4xx.o
 .debug_info    0x000000000000485a       0x22 ./Core/Startup/startup_stm32f413zhtx.o
 .debug_info    0x000000000000487c      0xa38 ./Drivers/STM32F4xx_HAL_Driver/Src/stm32f4xx_hal.o
 .debug_info    0x00000000000052b4      0xdbc ./Drivers/STM32F4xx_HAL_Driver/Src/stm32f4xx_hal_adc.o
 .debug_info    0x0000000000006070     0x1091 ./Drivers/STM32F4xx_HAL_Driver/Src/stm32f4xx_hal_can.o
 .debug_info    0x0000000000007101      0xf25 ./Drivers/STM32F4xx_HAL_Driver/Src/stm32f4xx_hal_cortex.o
 .debug_info    0x0000000000008026      0x8ae ./Drivers/STM32F4xx_HAL_Driver/Src/stm32f4xx_hal_gpio.o
 .debug_info    0x00000000000088d4     0x265b ./Drivers/STM32F4xx_HAL_Driver/Src/stm32f4xx_hal_i2c.o
 .debug_info    0x000000000000af2f     0x1341 ./Drivers/STM32F4xx_HAL_Driver/Src/stm32f4xx_hal_pcd.o
 .debug_info    0x000000000000c270      0x95b ./Drivers/STM32F4xx_HAL_Driver/Src/stm32f4xx_hal_pcd_ex.o
 .debug_info    0x000000000000cbcb      0x9db ./Drivers/STM32F4xx_HAL_Driver/Src/stm32f4xx_hal_rcc.o
 .debug_info    0x000000000000d5a6      0x90c ./Drivers/STM32F4xx_HAL_Driver/Src/stm32f4xx_hal_rcc_ex.o
 .debug_info    0x000000000000deb2     0x17c0 ./Drivers/STM32F4xx_HAL_Driver/Src/stm32f4xx_hal_spi.o
 .debug_info    0x000000000000f672     0x31de ./Drivers/STM32F4xx_HAL_Driver/Src/stm32f4xx_hal_uart.o
 .debug_info    0x0000000000012850     0x1b18 ./Drivers/STM32F4xx_HAL_Driver/Src/stm32f4xx_ll_usb.o
 .debug_info    0x0000000000014368     0x18ca ./Middlewares/ST/STM32_USB_Device_Library/Class/DFU/Src/usbd_dfu.o
 .debug_info    0x0000000000015c32     0x13d3 ./Middlewares/ST/STM32_USB_Device_Library/Core/Src/usbd_core.o
 .debug_info    0x0000000000017005     0x139f ./Middlewares/ST/STM32_USB_Device_Library/Core/Src/usbd_ctlreq.o
 .debug_info    0x00000000000183a4     0x10c1 ./Middlewares/ST/STM32_USB_Device_Library/Core/Src/usbd_ioreq.o
 .debug_info    0x0000000000019465     0x1042 ./USB_DEVICE/App/usb_device.o
 .debug_info    0x000000000001a4a7      0xdfa ./USB_DEVICE/App/usbd_desc.o
 .debug_info    0x000000000001b2a1     0x115a ./USB_DEVICE/App/usbd_dfu_if.o
 .debug_info    0x000000000001c3fb     0x2530 ./USB_DEVICE/Target/usbd_conf.o

.debug_abbrev   0x0000000000000000     0x3c9c
 .debug_abbrev  0x0000000000000000      0x312 ./Core/Src/main.o
 .debug_abbrev  0x0000000000000312      0x21b ./Core/Src/stm32f4xx_hal_msp.o
 .debug_abbrev  0x000000000000052d      0x184 ./Core/Src/stm32f4xx_it.o
 .debug_abbrev  0x00000000000006b1      0x145 ./Core/Src/system_stm32f4xx.o
 .debug_abbrev  0x00000000000007f6       0x12 ./Core/Startup/startup_stm32f413zhtx.o
 .debug_abbrev  0x0000000000000808      0x1ed ./Drivers/STM32F4xx_HAL_Driver/Src/stm32f4xx_hal.o
 .debug_abbrev  0x00000000000009f5      0x22f ./Drivers/STM32F4xx_HAL_Driver/Src/stm32f4xx_hal_adc.o
 .debug_abbrev  0x0000000000000c24      0x246 ./Drivers/STM32F4xx_HAL_Driver/Src/stm32f4xx_hal_can.o
 .debug_abbrev  0x0000000000000e6a      0x33c ./Drivers/STM32F4xx_HAL_Driver/Src/stm32f4xx_hal_cortex.o
 .debug_abbrev  0x00000000000011a6      0x1f1 ./Drivers/STM32F4xx_HAL_Driver/Src/stm32f4xx_hal_gpio.o
 .debug_abbrev  0x0000000000001397      0x282 ./Drivers/STM32F4xx_HAL_Driver/Src/stm32f4xx_hal_i2c.o
 .debug_abbrev  0x0000000000001619      0x2a0 ./Drivers/STM32F4xx_HAL_Driver/Src/stm32f4xx_hal_pcd.o
 .debug_abbrev  0x00000000000018b9      0x246 ./Drivers/STM32F4xx_HAL_Driver/Src/stm32f4xx_hal_pcd_ex.o
 .debug_abbrev  0x0000000000001aff      0x275 ./Drivers/STM32F4xx_HAL_Driver/Src/stm32f4xx_hal_rcc.o
 .debug_abbrev  0x0000000000001d74      0x1c0 ./Drivers/STM32F4xx_HAL_Driver/Src/stm32f4xx_hal_rcc_ex.o
 .debug_abbrev  0x0000000000001f34      0x26e ./Drivers/STM32F4xx_HAL_Driver/Src/stm32f4xx_hal_spi.o
 .debug_abbrev  0x00000000000021a2      0x2eb ./Drivers/STM32F4xx_HAL_Driver/Src/stm32f4xx_hal_uart.o
 .debug_abbrev  0x000000000000248d      0x2a7 ./Drivers/STM32F4xx_HAL_Driver/Src/stm32f4xx_ll_usb.o
 .debug_abbrev  0x0000000000002734      0x36a ./Middlewares/ST/STM32_USB_Device_Library/Class/DFU/Src/usbd_dfu.o
 .debug_abbrev  0x0000000000002a9e      0x2b7 ./Middlewares/ST/STM32_USB_Device_Library/Core/Src/usbd_core.o
 .debug_abbrev  0x0000000000002d55      0x2fc ./Middlewares/ST/STM32_USB_Device_Library/Core/Src/usbd_ctlreq.o
 .debug_abbrev  0x0000000000003051      0x22a ./Middlewares/ST/STM32_USB_Device_Library/Core/Src/usbd_ioreq.o
 .debug_abbrev  0x000000000000327b      0x204 ./USB_DEVICE/App/usb_device.o
 .debug_abbrev  0x000000000000347f      0x2aa ./USB_DEVICE/App/usbd_desc.o
 .debug_abbrev  0x0000000000003729      0x23e ./USB_DEVICE/App/usbd_dfu_if.o
 .debug_abbrev  0x0000000000003967      0x335 ./USB_DEVICE/Target/usbd_conf.o

.debug_aranges  0x0000000000000000     0x14b8
 .debug_aranges
                0x0000000000000000       0x68 ./Core/Src/main.o
 .debug_aranges
                0x0000000000000068       0x70 ./Core/Src/stm32f4xx_hal_msp.o
 .debug_aranges
                0x00000000000000d8       0x68 ./Core/Src/stm32f4xx_it.o
 .debug_aranges
                0x0000000000000140       0x28 ./Core/Src/system_stm32f4xx.o
 .debug_aranges
                0x0000000000000168       0x28 ./Core/Startup/startup_stm32f413zhtx.o
 .debug_aranges
                0x0000000000000190       0xf0 ./Drivers/STM32F4xx_HAL_Driver/Src/stm32f4xx_hal.o
 .debug_aranges
                0x0000000000000280       0xe8 ./Drivers/STM32F4xx_HAL_Driver/Src/stm32f4xx_hal_adc.o
 .debug_aranges
                0x0000000000000368      0x138 ./Drivers/STM32F4xx_HAL_Driver/Src/stm32f4xx_hal_can.o
 .debug_aranges
                0x00000000000004a0      0x118 ./Drivers/STM32F4xx_HAL_Driver/Src/stm32f4xx_hal_cortex.o
 .debug_aranges
                0x00000000000005b8       0x58 ./Drivers/STM32F4xx_HAL_Driver/Src/stm32f4xx_hal_gpio.o
 .debug_aranges
                0x0000000000000610      0x2a0 ./Drivers/STM32F4xx_HAL_Driver/Src/stm32f4xx_hal_i2c.o
 .debug_aranges
                0x00000000000008b0      0x138 ./Drivers/STM32F4xx_HAL_Driver/Src/stm32f4xx_hal_pcd.o
 .debug_aranges
                0x00000000000009e8       0x60 ./Drivers/STM32F4xx_HAL_Driver/Src/stm32f4xx_hal_pcd_ex.o
 .debug_aranges
                0x0000000000000a48       0x88 ./Drivers/STM32F4xx_HAL_Driver/Src/stm32f4xx_hal_rcc.o
 .debug_aranges
                0x0000000000000ad0       0x60 ./Drivers/STM32F4xx_HAL_Driver/Src/stm32f4xx_hal_rcc_ex.o
 .debug_aranges
                0x0000000000000b30      0x1d0 ./Drivers/STM32F4xx_HAL_Driver/Src/stm32f4xx_hal_spi.o
 .debug_aranges
                0x0000000000000d00      0x200 ./Drivers/STM32F4xx_HAL_Driver/Src/stm32f4xx_hal_uart.o
 .debug_aranges
                0x0000000000000f00      0x198 ./Drivers/STM32F4xx_HAL_Driver/Src/stm32f4xx_ll_usb.o
 .debug_aranges
                0x0000000000001098       0xb0 ./Middlewares/ST/STM32_USB_Device_Library/Class/DFU/Src/usbd_dfu.o
 .debug_aranges
                0x0000000000001148       0xb8 ./Middlewares/ST/STM32_USB_Device_Library/Core/Src/usbd_core.o
 .debug_aranges
                0x0000000000001200       0x90 ./Middlewares/ST/STM32_USB_Device_Library/Core/Src/usbd_ctlreq.o
 .debug_aranges
                0x0000000000001290       0x50 ./Middlewares/ST/STM32_USB_Device_Library/Core/Src/usbd_ioreq.o
 .debug_aranges
                0x00000000000012e0       0x20 ./USB_DEVICE/App/usb_device.o
 .debug_aranges
                0x0000000000001300       0x60 ./USB_DEVICE/App/usbd_desc.o
 .debug_aranges
                0x0000000000001360       0x48 ./USB_DEVICE/App/usbd_dfu_if.o
 .debug_aranges
                0x00000000000013a8      0x110 ./USB_DEVICE/Target/usbd_conf.o

.debug_ranges   0x0000000000000000     0x1378
 .debug_ranges  0x0000000000000000       0x58 ./Core/Src/main.o
 .debug_ranges  0x0000000000000058       0x60 ./Core/Src/stm32f4xx_hal_msp.o
 .debug_ranges  0x00000000000000b8       0x58 ./Core/Src/stm32f4xx_it.o
 .debug_ranges  0x0000000000000110       0x18 ./Core/Src/system_stm32f4xx.o
 .debug_ranges  0x0000000000000128       0x20 ./Core/Startup/startup_stm32f413zhtx.o
 .debug_ranges  0x0000000000000148       0xe0 ./Drivers/STM32F4xx_HAL_Driver/Src/stm32f4xx_hal.o
 .debug_ranges  0x0000000000000228       0xd8 ./Drivers/STM32F4xx_HAL_Driver/Src/stm32f4xx_hal_adc.o
 .debug_ranges  0x0000000000000300      0x128 ./Drivers/STM32F4xx_HAL_Driver/Src/stm32f4xx_hal_can.o
 .debug_ranges  0x0000000000000428      0x108 ./Drivers/STM32F4xx_HAL_Driver/Src/stm32f4xx_hal_cortex.o
 .debug_ranges  0x0000000000000530       0x48 ./Drivers/STM32F4xx_HAL_Driver/Src/stm32f4xx_hal_gpio.o
 .debug_ranges  0x0000000000000578      0x2b8 ./Drivers/STM32F4xx_HAL_Driver/Src/stm32f4xx_hal_i2c.o
 .debug_ranges  0x0000000000000830      0x128 ./Drivers/STM32F4xx_HAL_Driver/Src/stm32f4xx_hal_pcd.o
 .debug_ranges  0x0000000000000958       0x50 ./Drivers/STM32F4xx_HAL_Driver/Src/stm32f4xx_hal_pcd_ex.o
 .debug_ranges  0x00000000000009a8       0x78 ./Drivers/STM32F4xx_HAL_Driver/Src/stm32f4xx_hal_rcc.o
 .debug_ranges  0x0000000000000a20       0x50 ./Drivers/STM32F4xx_HAL_Driver/Src/stm32f4xx_hal_rcc_ex.o
 .debug_ranges  0x0000000000000a70      0x1c0 ./Drivers/STM32F4xx_HAL_Driver/Src/stm32f4xx_hal_spi.o
 .debug_ranges  0x0000000000000c30      0x220 ./Drivers/STM32F4xx_HAL_Driver/Src/stm32f4xx_hal_uart.o
 .debug_ranges  0x0000000000000e50      0x188 ./Drivers/STM32F4xx_HAL_Driver/Src/stm32f4xx_ll_usb.o
 .debug_ranges  0x0000000000000fd8       0xa0 ./Middlewares/ST/STM32_USB_Device_Library/Class/DFU/Src/usbd_dfu.o
 .debug_ranges  0x0000000000001078       0xa8 ./Middlewares/ST/STM32_USB_Device_Library/Core/Src/usbd_core.o
 .debug_ranges  0x0000000000001120       0x80 ./Middlewares/ST/STM32_USB_Device_Library/Core/Src/usbd_ctlreq.o
 .debug_ranges  0x00000000000011a0       0x40 ./Middlewares/ST/STM32_USB_Device_Library/Core/Src/usbd_ioreq.o
 .debug_ranges  0x00000000000011e0       0x10 ./USB_DEVICE/App/usb_device.o
 .debug_ranges  0x00000000000011f0       0x50 ./USB_DEVICE/App/usbd_desc.o
 .debug_ranges  0x0000000000001240       0x38 ./USB_DEVICE/App/usbd_dfu_if.o
 .debug_ranges  0x0000000000001278      0x100 ./USB_DEVICE/Target/usbd_conf.o

.debug_macro    0x0000000000000000    0x25f7e
 .debug_macro   0x0000000000000000      0x439 ./Core/Src/main.o
 .debug_macro   0x0000000000000439      0xaa8 ./Core/Src/main.o
 .debug_macro   0x0000000000000ee1      0x2b3 ./Core/Src/main.o
 .debug_macro   0x0000000000001194       0x2e ./Core/Src/main.o
 .debug_macro   0x00000000000011c2       0x28 ./Core/Src/main.o
 .debug_macro   0x00000000000011ea       0x22 ./Core/Src/main.o
 .debug_macro   0x000000000000120c       0x8e ./Core/Src/main.o
 .debug_macro   0x000000000000129a       0x51 ./Core/Src/main.o
 .debug_macro   0x00000000000012eb      0x103 ./Core/Src/main.o
 .debug_macro   0x00000000000013ee       0x6a ./Core/Src/main.o
 .debug_macro   0x0000000000001458      0x1df ./Core/Src/main.o
 .debug_macro   0x0000000000001637       0x1c ./Core/Src/main.o
 .debug_macro   0x0000000000001653       0x22 ./Core/Src/main.o
 .debug_macro   0x0000000000001675       0xdf ./Core/Src/main.o
 .debug_macro   0x0000000000001754     0x102d ./Core/Src/main.o
 .debug_macro   0x0000000000002781      0x11f ./Core/Src/main.o
 .debug_macro   0x00000000000028a0    0x15a8b ./Core/Src/main.o
 .debug_macro   0x000000000001832b       0x6d ./Core/Src/main.o
 .debug_macro   0x0000000000018398     0x3666 ./Core/Src/main.o
 .debug_macro   0x000000000001b9fe      0x174 ./Core/Src/main.o
 .debug_macro   0x000000000001bb72       0x5c ./Core/Src/main.o
 .debug_macro   0x000000000001bbce      0xcdd ./Core/Src/main.o
 .debug_macro   0x000000000001c8ab      0x9fe ./Core/Src/main.o
 .debug_macro   0x000000000001d2a9      0x116 ./Core/Src/main.o
 .debug_macro   0x000000000001d3bf      0x202 ./Core/Src/main.o
 .debug_macro   0x000000000001d5c1       0xa5 ./Core/Src/main.o
 .debug_macro   0x000000000001d666      0x173 ./Core/Src/main.o
 .debug_macro   0x000000000001d7d9      0x2bf ./Core/Src/main.o
 .debug_macro   0x000000000001da98       0x5f ./Core/Src/main.o
 .debug_macro   0x000000000001daf7      0x236 ./Core/Src/main.o
 .debug_macro   0x000000000001dd2d      0x9e1 ./Core/Src/main.o
 .debug_macro   0x000000000001e70e      0x38b ./Core/Src/main.o
 .debug_macro   0x000000000001ea99      0x17d ./Core/Src/main.o
 .debug_macro   0x000000000001ec16       0xf9 ./Core/Src/main.o
 .debug_macro   0x000000000001ed0f      0x40f ./Core/Src/main.o
 .debug_macro   0x000000000001f11e      0x132 ./Core/Src/main.o
 .debug_macro   0x000000000001f250      0x30c ./Core/Src/main.o
 .debug_macro   0x000000000001f55c       0x2e ./Core/Src/main.o
 .debug_macro   0x000000000001f58a      0x1b5 ./Core/Src/main.o
 .debug_macro   0x000000000001f73f       0x22 ./Core/Src/main.o
 .debug_macro   0x000000000001f761       0xd6 ./Core/Src/main.o
 .debug_macro   0x000000000001f837      0x11a ./Core/Src/main.o
 .debug_macro   0x000000000001f951       0x91 ./Core/Src/main.o
 .debug_macro   0x000000000001f9e2       0x89 ./Core/Src/main.o
 .debug_macro   0x000000000001fa6b      0x225 ./Core/Src/main.o
 .debug_macro   0x000000000001fc90      0x295 ./Core/Src/main.o
 .debug_macro   0x000000000001ff25      0x21e ./Core/Src/main.o
 .debug_macro   0x0000000000020143       0xba ./Core/Src/main.o
 .debug_macro   0x00000000000201fd      0x134 ./Core/Src/main.o
 .debug_macro   0x0000000000020331       0xd0 ./Core/Src/main.o
 .debug_macro   0x0000000000020401       0x52 ./Core/Src/main.o
 .debug_macro   0x0000000000020453       0x18 ./Core/Src/main.o
 .debug_macro   0x000000000002046b       0x3c ./Core/Src/main.o
 .debug_macro   0x00000000000204a7       0x34 ./Core/Src/main.o
 .debug_macro   0x00000000000204db       0x16 ./Core/Src/main.o
 .debug_macro   0x00000000000204f1       0x35 ./Core/Src/main.o
 .debug_macro   0x0000000000020526      0x333 ./Core/Src/main.o
 .debug_macro   0x0000000000020859       0x10 ./Core/Src/main.o
 .debug_macro   0x0000000000020869       0x16 ./Core/Src/main.o
 .debug_macro   0x000000000002087f       0x43 ./Core/Src/main.o
 .debug_macro   0x00000000000208c2       0x34 ./Core/Src/main.o
 .debug_macro   0x00000000000208f6       0x10 ./Core/Src/main.o
 .debug_macro   0x0000000000020906       0x58 ./Core/Src/main.o
 .debug_macro   0x000000000002095e       0x71 ./Core/Src/main.o
 .debug_macro   0x00000000000209cf       0x1c ./Core/Src/main.o
 .debug_macro   0x00000000000209eb      0x12a ./Core/Src/main.o
 .debug_macro   0x0000000000020b15       0x10 ./Core/Src/main.o
 .debug_macro   0x0000000000020b25       0x1c ./Core/Src/main.o
 .debug_macro   0x0000000000020b41       0x52 ./Core/Src/main.o
 .debug_macro   0x0000000000020b93       0x22 ./Core/Src/main.o
 .debug_macro   0x0000000000020bb5       0x10 ./Core/Src/main.o
 .debug_macro   0x0000000000020bc5       0x40 ./Core/Src/main.o
 .debug_macro   0x0000000000020c05       0xd5 ./Core/Src/main.o
 .debug_macro   0x0000000000020cda       0x1c ./Core/Src/main.o
 .debug_macro   0x0000000000020cf6       0x3d ./Core/Src/main.o
 .debug_macro   0x0000000000020d33       0x16 ./Core/Src/main.o
 .debug_macro   0x0000000000020d49      0x145 ./Core/Src/main.o
 .debug_macro   0x0000000000020e8e       0x16 ./Core/Src/main.o
 .debug_macro   0x0000000000020ea4       0x16 ./Core/Src/main.o
 .debug_macro   0x0000000000020eba       0x29 ./Core/Src/main.o
 .debug_macro   0x0000000000020ee3       0x16 ./Core/Src/main.o
 .debug_macro   0x0000000000020ef9       0x20 ./Core/Src/main.o
 .debug_macro   0x0000000000020f19       0x7e ./Core/Src/main.o
 .debug_macro   0x0000000000020f97      0x1e9 ./Core/Src/main.o
 .debug_macro   0x0000000000021180      0x242 ./Core/Src/stm32f4xx_hal_msp.o
 .debug_macro   0x00000000000213c2      0x24c ./Core/Src/stm32f4xx_it.o
 .debug_macro   0x000000000002160e      0x233 ./Core/Src/system_stm32f4xx.o
 .debug_macro   0x0000000000021841      0x293 ./Drivers/STM32F4xx_HAL_Driver/Src/stm32f4xx_hal.o
 .debug_macro   0x0000000000021ad4      0x234 ./Drivers/STM32F4xx_HAL_Driver/Src/stm32f4xx_hal_adc.o
 .debug_macro   0x0000000000021d08      0x23b ./Drivers/STM32F4xx_HAL_Driver/Src/stm32f4xx_hal_can.o
 .debug_macro   0x0000000000021f43      0x233 ./Drivers/STM32F4xx_HAL_Driver/Src/stm32f4xx_hal_cortex.o
 .debug_macro   0x0000000000022176      0x239 ./Drivers/STM32F4xx_HAL_Driver/Src/stm32f4xx_hal_gpio.o
 .debug_macro   0x00000000000223af      0x27a ./Drivers/STM32F4xx_HAL_Driver/Src/stm32f4xx_hal_i2c.o
 .debug_macro   0x0000000000022629      0x23f ./Drivers/STM32F4xx_HAL_Driver/Src/stm32f4xx_hal_pcd.o
 .debug_macro   0x0000000000022868      0x233 ./Drivers/STM32F4xx_HAL_Driver/Src/stm32f4xx_hal_pcd_ex.o
 .debug_macro   0x0000000000022a9b      0x257 ./Drivers/STM32F4xx_HAL_Driver/Src/stm32f4xx_hal_rcc.o
 .debug_macro   0x0000000000022cf2      0x233 ./Drivers/STM32F4xx_HAL_Driver/Src/stm32f4xx_hal_rcc_ex.o
 .debug_macro   0x0000000000022f25      0x242 ./Drivers/STM32F4xx_HAL_Driver/Src/stm32f4xx_hal_spi.o
 .debug_macro   0x0000000000023167      0x234 ./Drivers/STM32F4xx_HAL_Driver/Src/stm32f4xx_hal_uart.o
 .debug_macro   0x000000000002339b      0x233 ./Drivers/STM32F4xx_HAL_Driver/Src/stm32f4xx_ll_usb.o
 .debug_macro   0x00000000000235ce      0x458 ./Middlewares/ST/STM32_USB_Device_Library/Class/DFU/Src/usbd_dfu.o
 .debug_macro   0x0000000000023a26       0x97 ./Middlewares/ST/STM32_USB_Device_Library/Class/DFU/Src/usbd_dfu.o
 .debug_macro   0x0000000000023abd       0xfd ./Middlewares/ST/STM32_USB_Device_Library/Class/DFU/Src/usbd_dfu.o
 .debug_macro   0x0000000000023bba       0xd9 ./Middlewares/ST/STM32_USB_Device_Library/Class/DFU/Src/usbd_dfu.o
 .debug_macro   0x0000000000023c93       0x56 ./Middlewares/ST/STM32_USB_Device_Library/Class/DFU/Src/usbd_dfu.o
 .debug_macro   0x0000000000023ce9      0x10a ./Middlewares/ST/STM32_USB_Device_Library/Class/DFU/Src/usbd_dfu.o
 .debug_macro   0x0000000000023df3      0x43f ./Middlewares/ST/STM32_USB_Device_Library/Core/Src/usbd_core.o
 .debug_macro   0x0000000000024232      0x1ef ./Middlewares/ST/STM32_USB_Device_Library/Core/Src/usbd_core.o
 .debug_macro   0x0000000000024421      0x449 ./Middlewares/ST/STM32_USB_Device_Library/Core/Src/usbd_ctlreq.o
 .debug_macro   0x000000000002486a      0x445 ./Middlewares/ST/STM32_USB_Device_Library/Core/Src/usbd_ioreq.o
 .debug_macro   0x0000000000024caf      0x479 ./USB_DEVICE/App/usb_device.o
 .debug_macro   0x0000000000025128       0xd6 ./USB_DEVICE/App/usb_device.o
 .debug_macro   0x00000000000251fe       0x22 ./USB_DEVICE/App/usb_device.o
 .debug_macro   0x0000000000025220      0x482 ./USB_DEVICE/App/usbd_desc.o
 .debug_macro   0x00000000000256a2       0x1c ./USB_DEVICE/App/usbd_desc.o
 .debug_macro   0x00000000000256be      0x464 ./USB_DEVICE/App/usbd_dfu_if.o
 .debug_macro   0x0000000000025b22      0x45c ./USB_DEVICE/Target/usbd_conf.o

.debug_line     0x0000000000000000    0x1b4f9
 .debug_line    0x0000000000000000      0xcb1 ./Core/Src/main.o
 .debug_line    0x0000000000000cb1      0x955 ./Core/Src/stm32f4xx_hal_msp.o
 .debug_line    0x0000000000001606      0x85d ./Core/Src/stm32f4xx_it.o
 .debug_line    0x0000000000001e63      0x804 ./Core/Src/system_stm32f4xx.o
 .debug_line    0x0000000000002667       0x88 ./Core/Startup/startup_stm32f413zhtx.o
 .debug_line    0x00000000000026ef      0xa6a ./Drivers/STM32F4xx_HAL_Driver/Src/stm32f4xx_hal.o
 .debug_line    0x0000000000003159     0x122e ./Drivers/STM32F4xx_HAL_Driver/Src/stm32f4xx_hal_adc.o
 .debug_line    0x0000000000004387     0x11e3 ./Drivers/STM32F4xx_HAL_Driver/Src/stm32f4xx_hal_can.o
 .debug_line    0x000000000000556a      0xd19 ./Drivers/STM32F4xx_HAL_Driver/Src/stm32f4xx_hal_cortex.o
 .debug_line    0x0000000000006283      0xbcc ./Drivers/STM32F4xx_HAL_Driver/Src/stm32f4xx_hal_gpio.o
 .debug_line    0x0000000000006e4f     0x3a16 ./Drivers/STM32F4xx_HAL_Driver/Src/stm32f4xx_hal_i2c.o
 .debug_line    0x000000000000a865     0x13de ./Drivers/STM32F4xx_HAL_Driver/Src/stm32f4xx_hal_pcd.o
 .debug_line    0x000000000000bc43      0x95e ./Drivers/STM32F4xx_HAL_Driver/Src/stm32f4xx_hal_pcd_ex.o
 .debug_line    0x000000000000c5a1      0xdf2 ./Drivers/STM32F4xx_HAL_Driver/Src/stm32f4xx_hal_rcc.o
 .debug_line    0x000000000000d393     0x1144 ./Drivers/STM32F4xx_HAL_Driver/Src/stm32f4xx_hal_rcc_ex.o
 .debug_line    0x000000000000e4d7     0x1cf2 ./Drivers/STM32F4xx_HAL_Driver/Src/stm32f4xx_hal_spi.o
 .debug_line    0x00000000000101c9     0x2b0b ./Drivers/STM32F4xx_HAL_Driver/Src/stm32f4xx_hal_uart.o
 .debug_line    0x0000000000012cd4     0x19fb ./Drivers/STM32F4xx_HAL_Driver/Src/stm32f4xx_ll_usb.o
 .debug_line    0x00000000000146cf     0x121b ./Middlewares/ST/STM32_USB_Device_Library/Class/DFU/Src/usbd_dfu.o
 .debug_line    0x00000000000158ea      0xed3 ./Middlewares/ST/STM32_USB_Device_Library/Core/Src/usbd_core.o
 .debug_line    0x00000000000167bd     0x1171 ./Middlewares/ST/STM32_USB_Device_Library/Core/Src/usbd_ctlreq.o
 .debug_line    0x000000000001792e      0xb2a ./Middlewares/ST/STM32_USB_Device_Library/Core/Src/usbd_ioreq.o
 .debug_line    0x0000000000018458      0xae6 ./USB_DEVICE/App/usb_device.o
 .debug_line    0x0000000000018f3e      0xbaf ./USB_DEVICE/App/usbd_desc.o
 .debug_line    0x0000000000019aed      0xb27 ./USB_DEVICE/App/usbd_dfu_if.o
 .debug_line    0x000000000001a614      0xee5 ./USB_DEVICE/Target/usbd_conf.o

.debug_str      0x0000000000000000    0xdc446
 .debug_str     0x0000000000000000    0xd68ab ./Core/Src/main.o
                                      0xd6d5f (size before relaxing)
 .debug_str     0x00000000000d68ab       0xf2 ./Core/Src/stm32f4xx_hal_msp.o
                                      0xd1f17 (size before relaxing)
 .debug_str     0x00000000000d699d      0x433 ./Core/Src/stm32f4xx_it.o
                                      0xd1568 (size before relaxing)
 .debug_str     0x00000000000d6dd0       0xaf ./Core/Src/system_stm32f4xx.o
                                      0xd0f74 (size before relaxing)
 .debug_str     0x00000000000d6e7f       0x36 ./Core/Startup/startup_stm32f413zhtx.o
                                         0x6a (size before relaxing)
 .debug_str     0x00000000000d6eb5      0xaf5 ./Drivers/STM32F4xx_HAL_Driver/Src/stm32f4xx_hal.o
                                      0xd1b08 (size before relaxing)
 .debug_str     0x00000000000d79aa      0x29c ./Drivers/STM32F4xx_HAL_Driver/Src/stm32f4xx_hal_adc.o
                                      0xd14fc (size before relaxing)
 .debug_str     0x00000000000d7c46      0x566 ./Drivers/STM32F4xx_HAL_Driver/Src/stm32f4xx_hal_can.o
                                      0xd165c (size before relaxing)
 .debug_str     0x00000000000d81ac      0x392 ./Drivers/STM32F4xx_HAL_Driver/Src/stm32f4xx_hal_cortex.o
                                      0xd18d3 (size before relaxing)
 .debug_str     0x00000000000d853e      0x168 ./Drivers/STM32F4xx_HAL_Driver/Src/stm32f4xx_hal_gpio.o
                                      0xd112a (size before relaxing)
 .debug_str     0x00000000000d86a6      0xa97 ./Drivers/STM32F4xx_HAL_Driver/Src/stm32f4xx_hal_i2c.o
                                      0xd1ed7 (size before relaxing)
 .debug_str     0x00000000000d913d      0x56f ./Drivers/STM32F4xx_HAL_Driver/Src/stm32f4xx_hal_pcd.o
                                      0xd177c (size before relaxing)
 .debug_str     0x00000000000d96ac      0x1b4 ./Drivers/STM32F4xx_HAL_Driver/Src/stm32f4xx_hal_pcd_ex.o
                                      0xd13c0 (size before relaxing)
 .debug_str     0x00000000000d9860      0x24e ./Drivers/STM32F4xx_HAL_Driver/Src/stm32f4xx_hal_rcc.o
                                      0xd137b (size before relaxing)
 .debug_str     0x00000000000d9aae      0x2ba ./Drivers/STM32F4xx_HAL_Driver/Src/stm32f4xx_hal_rcc_ex.o
                                      0xd132a (size before relaxing)
 .debug_str     0x00000000000d9d68      0x555 ./Drivers/STM32F4xx_HAL_Driver/Src/stm32f4xx_hal_spi.o
                                      0xd17f4 (size before relaxing)
 .debug_str     0x00000000000da2bd      0x5f6 ./Drivers/STM32F4xx_HAL_Driver/Src/stm32f4xx_hal_uart.o
                                      0xd18d8 (size before relaxing)
 .debug_str     0x00000000000da8b3      0x69a ./Drivers/STM32F4xx_HAL_Driver/Src/stm32f4xx_ll_usb.o
                                      0xd18aa (size before relaxing)
 .debug_str     0x00000000000daf4d      0xba3 ./Middlewares/ST/STM32_USB_Device_Library/Class/DFU/Src/usbd_dfu.o
                                      0xd69d5 (size before relaxing)
 .debug_str     0x00000000000dbaf0      0x1a2 ./Middlewares/ST/STM32_USB_Device_Library/Core/Src/usbd_core.o
                                      0xd632b (size before relaxing)
 .debug_str     0x00000000000dbc92      0x14d ./Middlewares/ST/STM32_USB_Device_Library/Core/Src/usbd_ctlreq.o
                                      0xd62e9 (size before relaxing)
 .debug_str     0x00000000000dbddf       0xc9 ./Middlewares/ST/STM32_USB_Device_Library/Core/Src/usbd_ioreq.o
                                      0xd6239 (size before relaxing)
 .debug_str     0x00000000000dbea8       0xe6 ./USB_DEVICE/App/usb_device.o
                                      0xd678d (size before relaxing)
 .debug_str     0x00000000000dbf8e      0x26a ./USB_DEVICE/App/usbd_desc.o
                                      0xd6180 (size before relaxing)